Component: ARM Compiler 5.06 update 7 (build 960) Tool: armlink [4d3601]

==============================================================================

Section Cross References

    startup_stm32f10x_ld.o(RESET) refers to startup_stm32f10x_ld.o(STACK) for __initial_sp
    startup_stm32f10x_ld.o(RESET) refers to startup_stm32f10x_ld.o(.text) for Reset_Handler
    startup_stm32f10x_ld.o(RESET) refers to stm32f10x_it.o(i.NMI_Handler) for NMI_Handler
    startup_stm32f10x_ld.o(RESET) refers to stm32f10x_it.o(i.HardFault_Handler) for HardFault_Handler
    startup_stm32f10x_ld.o(RESET) refers to stm32f10x_it.o(i.MemManage_Handler) for MemManage_Handler
    startup_stm32f10x_ld.o(RESET) refers to stm32f10x_it.o(i.BusFault_Handler) for BusFault_Handler
    startup_stm32f10x_ld.o(RESET) refers to stm32f10x_it.o(i.UsageFault_Handler) for UsageFault_Handler
    startup_stm32f10x_ld.o(RESET) refers to stm32f10x_it.o(i.SVC_Handler) for SVC_Handler
    startup_stm32f10x_ld.o(RESET) refers to stm32f10x_it.o(i.DebugMon_Handler) for DebugMon_Handler
    startup_stm32f10x_ld.o(RESET) refers to stm32f10x_it.o(i.PendSV_Handler) for PendSV_Handler
    startup_stm32f10x_ld.o(RESET) refers to stm32f10x_it.o(i.SysTick_Handler) for SysTick_Handler
    startup_stm32f10x_ld.o(RESET) refers to freq.o(i.TIM2_IRQHandler) for TIM2_IRQHandler
    startup_stm32f10x_ld.o(RESET) refers to uart.o(i.USART1_IRQHandler) for USART1_IRQHandler
    startup_stm32f10x_ld.o(.text) refers to system_stm32f10x.o(i.SystemInit) for SystemInit
    startup_stm32f10x_ld.o(.text) refers to entry.o(.ARM.Collect$$$$00000000) for __main
    system_stm32f10x.o(i.SetSysClock) refers to system_stm32f10x.o(i.SetSysClockTo24) for SetSysClockTo24
    system_stm32f10x.o(i.SystemCoreClockUpdate) refers to system_stm32f10x.o(.data) for SystemCoreClock
    system_stm32f10x.o(i.SystemInit) refers to system_stm32f10x.o(i.SetSysClock) for SetSysClock
    main.o(i.COUNTER_1S) refers to main.o(i.delay_us) for delay_us
    main.o(i.COUNTER_1S) refers to printfa.o(i.__0printf) for __2printf
    main.o(i.Get_Aver) refers to main.o(i.delay_us) for delay_us
    main.o(i.Get_Aver) refers to main.o(.bss) for average_ACT_value
    main.o(i.Get_Aver) refers to main.o(.data) for average_value
    main.o(i.Mode_filter) refers to cfcmple.o(.text) for __aeabi_cfcmple
    main.o(i.Mode_filter) refers to cfrcmple.o(.text) for __aeabi_cfrcmple
    main.o(i.Mode_filter) refers to sht20.o(.data) for temperatureC
    main.o(i.Ppm_Value) refers to ffixui.o(.text) for __aeabi_f2uiz
    main.o(i.Ppm_Value) refers to printfa.o(i.__0printf) for __2printf
    main.o(i.Ppm_Value) refers to ffltui.o(.text) for __aeabi_ui2f
    main.o(i.Ppm_Value) refers to fmul.o(.text) for __aeabi_fmul
    main.o(i.Ppm_Value) refers to fadd.o(.text) for __aeabi_fadd
    main.o(i.Ppm_Value) refers to cfcmple.o(.text) for __aeabi_cfcmple
    main.o(i.Ppm_Value) refers to fdiv.o(.text) for __aeabi_fdiv
    main.o(i.Ppm_Value) refers to sht20.o(.data) for temperatureC
    main.o(i.Ppm_Value_Average_Filter) refers to ffltui.o(.text) for __aeabi_ui2f
    main.o(i.Ppm_Value_Average_Filter) refers to main.o(.data) for ppm_value_count
    main.o(i.Ppm_Value_Average_Filter) refers to main.o(.bss) for average_Ppm_Value
    main.o(i.Smooth_filter) refers to main.o(.data) for Last_Data
    main.o(i.delay_init) refers to misc.o(i.SysTick_CLKSourceConfig) for SysTick_CLKSourceConfig
    main.o(i.delay_init) refers to system_stm32f10x.o(.data) for SystemCoreClock
    main.o(i.delay_init) refers to main.o(.data) for fac_us
    main.o(i.delay_us) refers to main.o(.data) for fac_us
    main.o(i.kalman_filter) refers to fadd.o(.text) for __aeabi_fadd
    main.o(i.kalman_filter) refers to fdiv.o(.text) for __aeabi_fdiv
    main.o(i.kalman_filter) refers to fmul.o(.text) for __aeabi_fmul
    main.o(i.kalman_filter) refers to main.o(.data) for q
    main.o(i.main) refers to clk.o(i.HSI_SetSysClock) for HSI_SetSysClock
    main.o(i.main) refers to freq.o(i.ctrl_freq_init) for ctrl_freq_init
    main.o(i.main) refers to freq.o(i.ctrl_pwm_init) for ctrl_pwm_init
    main.o(i.main) refers to main.o(i.delay_init) for delay_init
    main.o(i.main) refers to uart.o(i.USART_Config) for USART_Config
    main.o(i.main) refers to main.o(i.COUNTER_1S) for COUNTER_1S
    main.o(i.main) refers to adc.o(i.ADCx_Init) for ADCx_Init
    main.o(i.main) refers to iic.o(i.I2C_Configuration) for I2C_Configuration
    main.o(i.main) refers to sht20.o(i.SHT2X_Init) for SHT2X_Init
    main.o(i.main) refers to main.o(i.Get_Aver) for Get_Aver
    main.o(i.main) refers to ffltui.o(.text) for __aeabi_ui2f
    main.o(i.main) refers to sht20.o(i.SHT2X_TEST) for SHT2X_TEST
    main.o(i.main) refers to fadd.o(.text) for __aeabi_fsub
    main.o(i.main) refers to main.o(i.Ppm_Value) for Ppm_Value
    main.o(i.main) refers to ffixui.o(.text) for __aeabi_f2uiz
    main.o(i.main) refers to main.o(i.Ppm_Value_Average_Filter) for Ppm_Value_Average_Filter
[...]
    Removing stm32f10x_pwr.o(i.PWR_ClearFlag), (20 bytes).
    Removing stm32f10x_pwr.o(i.PWR_DeInit), (22 bytes).
    Removing stm32f10x_pwr.o(i.PWR_EnterSTANDBYMode), (52 bytes).
    Removing stm32f10x_pwr.o(i.PWR_EnterSTOPMode), (64 bytes).
    Removing stm32f10x_pwr.o(i.PWR_GetFlagStatus), (24 bytes).
    Removing stm32f10x_pwr.o(i.PWR_PVDCmd), (12 bytes).
    Removing stm32f10x_pwr.o(i.PWR_PVDLevelConfig), (24 bytes).
    Removing stm32f10x_pwr.o(i.PWR_WakeUpPinCmd), (12 bytes).
    Removing stm32f10x_rcc.o(i.RCC_APB1PeriphResetCmd), (32 bytes).
    Removing stm32f10x_rcc.o(i.RCC_APB2PeriphResetCmd), (32 bytes).
    Removing stm32f10x_rcc.o(i.RCC_AdjustHSICalibrationValue), (24 bytes).
    Removing stm32f10x_rcc.o(i.RCC_BackupResetCmd), (12 bytes).
    Removing stm32f10x_rcc.o(i.RCC_ClearFlag), (20 bytes).
    Removing stm32f10x_rcc.o(i.RCC_ClearITPendingBit), (12 bytes).
    Removing stm32f10x_rcc.o(i.RCC_ClockSecuritySystemCmd), (12 bytes).
    Removing stm32f10x_rcc.o(i.RCC_GetITStatus), (24 bytes).
    Removing stm32f10x_rcc.o(i.RCC_HSEConfig), (76 bytes).
    Removing stm32f10x_rcc.o(i.RCC_ITConfig), (32 bytes).
    Removing stm32f10x_rcc.o(i.RCC_LSEConfig), (52 bytes).
    Removing stm32f10x_rcc.o(i.RCC_LSICmd), (12 bytes).
    Removing stm32f10x_rcc.o(i.RCC_MCOConfig), (12 bytes).
    Removing stm32f10x_rcc.o(i.RCC_PREDIV1Config), (32 bytes).
    Removing stm32f10x_rcc.o(i.RCC_RTCCLKCmd), (12 bytes).
    Removing stm32f10x_rcc.o(i.RCC_RTCCLKConfig), (16 bytes).
    Removing stm32f10x_rcc.o(i.RCC_USBCLKConfig), (12 bytes).
    Removing stm32f10x_rcc.o(i.RCC_WaitForHSEStartUp), (56 bytes).
    Removing stm32f10x_rtc.o(i.RTC_ClearFlag), (16 bytes).
    Removing stm32f10x_rtc.o(i.RTC_ClearITPendingBit), (16 bytes).
    Removing stm32f10x_rtc.o(i.RTC_EnterConfigMode), (20 bytes).
    Removing stm32f10x_rtc.o(i.RTC_ExitConfigMode), (20 bytes).
    Removing stm32f10x_rtc.o(i.RTC_GetCounter), (20 bytes).
    Removing stm32f10x_rtc.o(i.RTC_GetDivider), (24 bytes).
    Removing stm32f10x_rtc.o(i.RTC_GetFlagStatus), (24 bytes).
    Removing stm32f10x_rtc.o(i.RTC_GetITStatus), (36 bytes).
    Removing stm32f10x_rtc.o(i.RTC_ITConfig), (32 bytes).
    Removing stm32f10x_rtc.o(i.RTC_SetAlarm), (28 bytes).
    Removing stm32f10x_rtc.o(i.RTC_SetCounter), (28 bytes).
    Removing stm32f10x_rtc.o(i.RTC_SetPrescaler), (32 bytes).
    Removing stm32f10x_rtc.o(i.RTC_WaitForLastTask), (20 bytes).
    Removing stm32f10x_rtc.o(i.RTC_WaitForSynchro), (36 bytes).
    Removing stm32f10x_sdio.o(i.SDIO_CEATAITCmd), (16 bytes).
    Removing stm32f10x_sdio.o(i.SDIO_ClearFlag), (12 bytes).
    Removing stm32f10x_sdio.o(i.SDIO_ClearITPendingBit), (12 bytes).
    Removing stm32f10x_sdio.o(i.SDIO_ClockCmd), (12 bytes).
    Removing stm32f10x_sdio.o(i.SDIO_CmdStructInit), (14 bytes).
    Removing stm32f10x_sdio.o(i.SDIO_CommandCompletionCmd), (12 bytes).
    Removing stm32f10x_sdio.o(i.SDIO_DMACmd), (12 bytes).
    Removing stm32f10x_sdio.o(i.SDIO_DataConfig), (48 bytes).
    Removing stm32f10x_sdio.o(i.SDIO_DataStructInit), (20 bytes).
    Removing stm32f10x_sdio.o(i.SDIO_DeInit), (36 bytes).
    Removing stm32f10x_sdio.o(i.SDIO_GetCommandResponse), (12 bytes).
    Removing stm32f10x_sdio.o(i.SDIO_GetDataCounter), (12 bytes).
    Removing stm32f10x_sdio.o(i.SDIO_GetFIFOCount), (12 bytes).
    Removing stm32f10x_sdio.o(i.SDIO_GetFlagStatus), (24 bytes).
    Removing stm32f10x_sdio.o(i.SDIO_GetITStatus), (24 bytes).
    Removing stm32f10x_sdio.o(i.SDIO_GetPowerState), (16 bytes).
    Removing stm32f10x_sdio.o(i.SDIO_GetResponse), (24 bytes).
    Removing stm32f10x_sdio.o(i.SDIO_ITConfig), (32 bytes).
    Removing stm32f10x_sdio.o(i.SDIO_Init), (48 bytes).
    Removing stm32f10x_sdio.o(i.SDIO_ReadData), (12 bytes).
    Removing stm32f10x_sdio.o(i.SDIO_SendCEATACmd), (12 bytes).
    Removing stm32f10x_sdio.o(i.SDIO_SendCommand), (44 bytes).
    Removing stm32f10x_sdio.o(i.SDIO_SendSDIOSuspendCmd), (12 bytes).
    Removing stm32f10x_sdio.o(i.SDIO_SetPowerState), (28 bytes).
    Removing stm32f10x_sdio.o(i.SDIO_SetSDIOOperation), (12 bytes).
    Removing stm32f10x_sdio.o(i.SDIO_SetSDIOReadWaitMode), (12 bytes).
    Removing stm32f10x_sdio.o(i.SDIO_StartSDIOReadWait), (12 bytes).
    Removing stm32f10x_sdio.o(i.SDIO_StopSDIOReadWait), (12 bytes).
    Removing stm32f10x_sdio.o(i.SDIO_StructInit), (16 bytes).
    Removing stm32f10x_sdio.o(i.SDIO_WriteData), (12 bytes).
    Removing stm32f10x_spi.o(i.I2S_Cmd), (24 bytes).
    Removing stm32f10x_spi.o(i.I2S_Init), (232 bytes).
    Removing stm32f10x_spi.o(i.I2S_StructInit), (20 bytes).
    Removing stm32f10x_spi.o(i.SPI_BiDirectionalLineConfig), (28 bytes).
    Removing stm32f10x_spi.o(i.SPI_CalculateCRC), (24 bytes).
    Removing stm32f10x_spi.o(i.SPI_Cmd), (24 bytes).
    Removing stm32f10x_spi.o(i.SPI_DataSizeConfig), (18 bytes).
    Removing stm32f10x_spi.o(i.SPI_GetCRC), (16 bytes).
    Removing stm32f10x_spi.o(i.SPI_GetCRCPolynomial), (6 bytes).
    Removing stm32f10x_spi.o(i.SPI_I2S_ClearFlag), (6 bytes).
    Removing stm32f10x_spi.o(i.SPI_I2S_ClearITPendingBit), (20 bytes).
    Removing stm32f10x_spi.o(i.SPI_I2S_DMACmd), (18 bytes).
    Removing stm32f10x_spi.o(i.SPI_I2S_DeInit), (88 bytes).
    Removing stm32f10x_spi.o(i.SPI_I2S_GetFlagStatus), (18 bytes).
    Removing stm32f10x_spi.o(i.SPI_I2S_GetITStatus), (52 bytes).
    Removing stm32f10x_spi.o(i.SPI_I2S_ITConfig), (32 bytes).
    Removing stm32f10x_spi.o(i.SPI_I2S_ReceiveData), (6 bytes).
    Removing stm32f10x_spi.o(i.SPI_I2S_SendData), (4 bytes).
    Removing stm32f10x_spi.o(i.SPI_Init), (60 bytes).
    Removing stm32f10x_spi.o(i.SPI_NSSInternalSoftwareConfig), (30 bytes).
    Removing stm32f10x_spi.o(i.SPI_SSOutputCmd), (24 bytes).
    Removing stm32f10x_spi.o(i.SPI_StructInit), (24 bytes).
    Removing stm32f10x_spi.o(i.SPI_TransmitCRC), (10 bytes).
    Removing stm32f10x_tim.o(i.TI1_Config), (128 bytes).
    Removing stm32f10x_tim.o(i.TI2_Config), (152 bytes).
    Removing stm32f10x_tim.o(i.TI3_Config), (144 bytes).
    Removing stm32f10x_tim.o(i.TI4_Config), (152 bytes).
    Removing stm32f10x_tim.o(i.TIM_ARRPreloadConfig), (24 bytes).
    Removing stm32f10x_tim.o(i.TIM_BDTRConfig), (32 bytes).
    Removing stm32f10x_tim.o(i.TIM_BDTRStructInit), (18 bytes).
    Removing stm32f10x_tim.o(i.TIM_CCPreloadControl), (24 bytes).
    Removing stm32f10x_tim.o(i.TIM_CCxCmd), (30 bytes).
    Removing stm32f10x_tim.o(i.TIM_CCxNCmd), (30 bytes).
    Removing stm32f10x_tim.o(i.TIM_ClearFlag), (6 bytes).
    Removing stm32f10x_tim.o(i.TIM_ClearOC1Ref), (18 bytes).
    Removing stm32f10x_tim.o(i.TIM_ClearOC2Ref), (24 bytes).
    Removing stm32f10x_tim.o(i.TIM_ClearOC3Ref), (18 bytes).
    Removing stm32f10x_tim.o(i.TIM_ClearOC4Ref), (24 bytes).
    Removing stm32f10x_tim.o(i.TIM_CounterModeConfig), (18 bytes).
    Removing stm32f10x_tim.o(i.TIM_CtrlPWMOutputs), (30 bytes).
    Removing stm32f10x_tim.o(i.TIM_DMACmd), (18 bytes).
    Removing stm32f10x_tim.o(i.TIM_DMAConfig), (10 bytes).
    Removing stm32f10x_tim.o(i.TIM_DeInit), (488 bytes).
    Removing stm32f10x_tim.o(i.TIM_ETRClockMode1Config), (54 bytes).
    Removing stm32f10x_tim.o(i.TIM_ETRClockMode2Config), (32 bytes).
    Removing stm32f10x_tim.o(i.TIM_ETRConfig), (28 bytes).
    Removing stm32f10x_tim.o(i.TIM_EncoderInterfaceConfig), (66 bytes).
    Removing stm32f10x_tim.o(i.TIM_ForcedOC1Config), (18 bytes).
    Removing stm32f10x_tim.o(i.TIM_ForcedOC2Config), (26 bytes).
    Removing stm32f10x_tim.o(i.TIM_ForcedOC3Config), (18 bytes).
    Removing stm32f10x_tim.o(i.TIM_ForcedOC4Config), (26 bytes).
    Removing stm32f10x_tim.o(i.TIM_GenerateEvent), (4 bytes).
    Removing stm32f10x_tim.o(i.TIM_GetCapture1), (6 bytes).
    Removing stm32f10x_tim.o(i.TIM_GetCapture2), (6 bytes).
    Removing stm32f10x_tim.o(i.TIM_GetCapture3), (6 bytes).
    Removing stm32f10x_tim.o(i.TIM_GetCapture4), (8 bytes).
    Removing stm32f10x_tim.o(i.TIM_GetCounter), (6 bytes).
    Removing stm32f10x_tim.o(i.TIM_GetFlagStatus), (18 bytes).
    Removing stm32f10x_tim.o(i.TIM_GetPrescaler), (6 bytes).
    Removing stm32f10x_tim.o(i.TIM_ICInit), (172 bytes).
    Removing stm32f10x_tim.o(i.TIM_ICStructInit), (18 bytes).
    Removing stm32f10x_tim.o(i.TIM_ITRxExternalClockConfig), (24 bytes).
    Removing stm32f10x_tim.o(i.TIM_InternalClockConfig), (12 bytes).
    Removing stm32f10x_tim.o(i.TIM_OC1FastConfig), (18 bytes).
    Removing stm32f10x_tim.o(i.TIM_OC1NPolarityConfig), (18 bytes).
    Removing stm32f10x_tim.o(i.TIM_OC1PolarityConfig), (18 bytes).
    Removing stm32f10x_tim.o(i.TIM_OC2FastConfig), (26 bytes).
    Removing stm32f10x_tim.o(i.TIM_OC2NPolarityConfig), (26 bytes).
    Removing stm32f10x_tim.o(i.TIM_OC2PolarityConfig), (26 bytes).
    Removing stm32f10x_tim.o(i.TIM_OC3FastConfig), (18 bytes).
    Removing stm32f10x_tim.o(i.TIM_OC3NPolarityConfig), (26 bytes).
    Removing stm32f10x_tim.o(i.TIM_OC3PolarityConfig), (26 bytes).
    Removing stm32f10x_tim.o(i.TIM_OC4FastConfig), (26 bytes).
    Removing stm32f10x_tim.o(i.TIM_OC4PolarityConfig), (26 bytes).
    Removing stm32f10x_tim.o(i.TIM_OCStructInit), (20 bytes).
    Removing stm32f10x_tim.o(i.TIM_PWMIConfig), (124 bytes).
    Removing stm32f10x_tim.o(i.TIM_PrescalerConfig), (6 bytes).
    Removing stm32f10x_tim.o(i.TIM_SelectCCDMA), (24 bytes).
    Removing stm32f10x_tim.o(i.TIM_SelectCOM), (24 bytes).
    Removing stm32f10x_tim.o(i.TIM_SelectHallSensor), (24 bytes).
    Removing stm32f10x_tim.o(i.TIM_SelectInputTrigger), (18 bytes).
    Removing stm32f10x_tim.o(i.TIM_SelectMasterSlaveMode), (18 bytes).
    Removing stm32f10x_tim.o(i.TIM_SelectOCxM), (82 bytes).
    Removing stm32f10x_tim.o(i.TIM_SelectOnePulseMode), (18 bytes).
    Removing stm32f10x_tim.o(i.TIM_SelectOutputTrigger), (18 bytes).
    Removing stm32f10x_tim.o(i.TIM_SelectSlaveMode), (18 bytes).
    Removing stm32f10x_tim.o(i.TIM_SetAutoreload), (4 bytes).
    Removing stm32f10x_tim.o(i.TIM_SetClockDivision), (18 bytes).
    Removing stm32f10x_tim.o(i.TIM_SetCompare1), (4 bytes).
    Removing stm32f10x_tim.o(i.TIM_SetCompare2), (4 bytes).
    Removing stm32f10x_tim.o(i.TIM_SetCompare3), (4 bytes).
    Removing stm32f10x_tim.o(i.TIM_SetCompare4), (6 bytes).
    Removing stm32f10x_tim.o(i.TIM_SetCounter), (4 bytes).
    Removing stm32f10x_tim.o(i.TIM_SetIC1Prescaler), (18 bytes).
    Removing stm32f10x_tim.o(i.TIM_SetIC2Prescaler), (26 bytes).
    Removing stm32f10x_tim.o(i.TIM_SetIC3Prescaler), (18 bytes).
    Removing stm32f10x_tim.o(i.TIM_SetIC4Prescaler), (26 bytes).
    Removing stm32f10x_tim.o(i.TIM_TIxExternalClockConfig), (62 bytes).
    Removing stm32f10x_tim.o(i.TIM_TimeBaseStructInit), (18 bytes).
    Removing stm32f10x_tim.o(i.TIM_UpdateDisableConfig), (24 bytes).
    Removing stm32f10x_tim.o(i.TIM_UpdateRequestConfig), (24 bytes).
    Removing stm32f10x_usart.o(i.USART_ClearITPendingBit), (30 bytes).
    Removing stm32f10x_usart.o(i.USART_ClockInit), (34 bytes).
    Removing stm32f10x_usart.o(i.USART_ClockStructInit), (12 bytes).
    Removing stm32f10x_usart.o(i.USART_DeInit), (156 bytes).
    Removing stm32f10x_usart.o(i.USART_HalfDuplexCmd), (24 bytes).
    Removing stm32f10x_usart.o(i.USART_IrDACmd), (24 bytes).
    Removing stm32f10x_usart.o(i.USART_IrDAConfig), (18 bytes).
    Removing stm32f10x_usart.o(i.USART_LINBreakDetectLengthConfig), (18 bytes).
    Removing stm32f10x_usart.o(i.USART_LINCmd), (24 bytes).
    Removing stm32f10x_usart.o(i.USART_OneBitMethodCmd), (24 bytes).
    Removing stm32f10x_usart.o(i.USART_OverSampling8Cmd), (22 bytes).
    Removing stm32f10x_usart.o(i.USART_ReceiverWakeUpCmd), (24 bytes).
    Removing stm32f10x_usart.o(i.USART_SendBreak), (10 bytes).
    Removing stm32f10x_usart.o(i.USART_SetAddress), (18 bytes).
    Removing stm32f10x_usart.o(i.USART_SetGuardTime), (16 bytes).
    Removing stm32f10x_usart.o(i.USART_SetPrescaler), (16 bytes).
    Removing stm32f10x_usart.o(i.USART_SmartCardCmd), (24 bytes).
    Removing stm32f10x_usart.o(i.USART_SmartCardNACKCmd), (24 bytes).
    Removing stm32f10x_usart.o(i.USART_StructInit), (24 bytes).
    Removing stm32f10x_usart.o(i.USART_WakeUpConfig), (18 bytes).
    Removing stm32f10x_wwdg.o(i.WWDG_ClearFlag), (12 bytes).
    Removing stm32f10x_wwdg.o(i.WWDG_DeInit), (22 bytes).
    Removing stm32f10x_wwdg.o(i.WWDG_Enable), (16 bytes).
    Removing stm32f10x_wwdg.o(i.WWDG_EnableIT), (12 bytes).
    Removing stm32f10x_wwdg.o(i.WWDG_GetFlagStatus), (12 bytes).
    Removing stm32f10x_wwdg.o(i.WWDG_SetCounter), (16 bytes).
    Removing stm32f10x_wwdg.o(i.WWDG_SetPrescaler), (24 bytes).
    Removing stm32f10x_wwdg.o(i.WWDG_SetWindowValue), (40 bytes).
    Removing cfrcmple.o(.text), (20 bytes).

434 unused section(s) (total 17400 bytes) removed from the image.

==============================================================================

Image Symbol Table

    Local Symbols

    Symbol Name                              Value     Ov Type        Size  Object(Section)

    ../clib/microlib/division.c              0x00000000   Number         0  uldiv.o ABSOLUTE
    ../clib/microlib/division.c              0x00000000   Number         0  uidiv.o ABSOLUTE
    ../clib/microlib/init/entry.s            0x00000000   Number         0  entry10b.o ABSOLUTE
    ../clib/microlib/init/entry.s            0x00000000   Number         0  entry8b.o ABSOLUTE
    ../clib/microlib/init/entry.s            0x00000000   Number         0  entry2.o ABSOLUTE
    ../clib/microlib/init/entry.s            0x00000000   Number         0  entry11a.o ABSOLUTE
    ../clib/microlib/init/entry.s            0x00000000   Number         0  entry7b.o ABSOLUTE
    ../clib/microlib/init/entry.s            0x00000000   Number         0  entry.o ABSOLUTE
    ../clib/microlib/init/entry.s            0x00000000   Number         0  entry8a.o ABSOLUTE
    ../clib/microlib/init/entry.s            0x00000000   Number         0  entry5.o ABSOLUTE
    ../clib/microlib/init/entry.s            0x00000000   Number         0  entry7a.o ABSOLUTE
    ../clib/microlib/init/entry.s            0x00000000   Number         0  entry9a.o ABSOLUTE
    ../clib/microlib/init/entry.s            0x00000000   Number         0  entry9b.o ABSOLUTE
    ../clib/microlib/init/entry.s            0x00000000   Number         0  entry10a.o ABSOLUTE
    ../clib/microlib/init/entry.s            0x00000000   Number         0  entry12b.o ABSOLUTE
    ../clib/microlib/init/entry.s            0x00000000   Number         0  entry12a.o ABSOLUTE
    ../clib/microlib/init/entry.s            0x00000000   Number         0  entry11b.o ABSOLUTE
    ../clib/microlib/longlong.c              0x00000000   Number         0  llushr.o ABSOLUTE
    ../clib/microlib/longlong.c              0x00000000   Number         0  llsshr.o ABSOLUTE
    ../clib/microlib/longlong.c              0x00000000   Number         0  llshl.o ABSOLUTE
    ../clib/microlib/printf/printf.c         0x00000000   Number         0  printf0.o ABSOLUTE
    ../clib/microlib/printf/printf.c         0x00000000   Number         0  printfa.o ABSOLUTE
    ../clib/microlib/printf/printf.c         0x00000000   Number         0  printf8.o ABSOLUTE
    ../clib/microlib/printf/printf.c         0x00000000   Number         0  printf6.o ABSOLUTE
    ../clib/microlib/printf/printf.c         0x00000000   Number         0  printf2.o ABSOLUTE
    ../clib/microlib/printf/printf.c         0x00000000   Number         0  printf3.o ABSOLUTE
    ../clib/microlib/printf/printf.c         0x00000000   Number         0  printf5.o ABSOLUTE
    ../clib/microlib/printf/printf.c         0x00000000   Number         0  printf4.o ABSOLUTE
    ../clib/microlib/printf/printf.c         0x00000000   Number         0  printfb.o ABSOLUTE
    ../clib/microlib/printf/printf.c         0x00000000   Number         0  printf7.o ABSOLUTE
    ../clib/microlib/printf/printf.c         0x00000000   Number         0  printf1.o ABSOLUTE
    ../clib/microlib/printf/stubs.s          0x00000000   Number         0  stubs.o ABSOLUTE
    ../clib/microlib/stdio/streams.c         0x00000000   Number         0  stdout.o ABSOLUTE
    ../clib/microlib/stubs.s                 0x00000000   Number         0  iusefp.o ABSOLUTE
    ../fplib/microlib/d2f.c                  0x00000000   Number         0  d2f.o ABSOLUTE
    ../fplib/microlib/f2d.c                  0x00000000   Number         0  f2d.o ABSOLUTE
    ../fplib/microlib/fpadd.c                0x00000000   Number         0  dadd.o ABSOLUTE
    ../fplib/microlib/fpadd.c                0x00000000   Number         0  fadd.o ABSOLUTE
    ../fplib/microlib/fpdiv.c                0x00000000   Number         0  ddiv.o ABSOLUTE
    ../fplib/microlib/fpdiv.c                0x00000000   Number         0  fdiv.o ABSOLUTE
    ../fplib/microlib/fpepilogue.c           0x00000000   Number         0  depilogue.o ABSOLUTE
    ../fplib/microlib/fpepilogue.c           0x00000000   Number         0  fepilogue.o ABSOLUTE
    ../fplib/microlib/fpfix.c                0x00000000   Number         0  dfixul.o ABSOLUTE
    ../fplib/microlib/fpfix.c                0x00000000   Number         0  ffixui.o ABSOLUTE
    ../fplib/microlib/fpflt.c                0x00000000   Number         0  fflti.o ABSOLUTE
    ../fplib/microlib/fpflt.c                0x00000000   Number         0  ffltui.o ABSOLUTE
    ../fplib/microlib/fpmul.c                0x00000000   Number         0  fmul.o ABSOLUTE
    ../fplib/microlib/fpmul.c                0x00000000   Number         0  dmul.o ABSOLUTE
    ..\CMSIS\core_cm3.c                      0x00000000   Number         0  core_cm3.o ABSOLUTE
    ..\CMSIS\system_stm32f10x.c              0x00000000   Number         0  system_stm32f10x.o ABSOLUTE
    ..\Library\src\misc.c                    0x00000000   Number         0  misc.o ABSOLUTE
    ..\Library\src\stm32f10x_adc.c           0x00000000   Number         0  stm32f10x_adc.o ABSOLUTE
    ..\Library\src\stm32f10x_bkp.c           0x00000000   Number         0  stm32f10x_bkp.o ABSOLUTE
    ..\Library\src\stm32f10x_can.c           0x00000000   Number         0  stm32f10x_can.o ABSOLUTE
    ..\Library\src\stm32f10x_cec.c           0x00000000   Number         0  stm32f10x_cec.o ABSOLUTE
    ..\Library\src\stm32f10x_crc.c           0x00000000   Number         0  stm32f10x_crc.o ABSOLUTE
    ..\Library\src\stm32f10x_dac.c           0x00000000   Number         0  stm32f10x_dac.o ABSOLUTE
    ..\Library\src\stm32f10x_dbgmcu.c        0x00000000   Number         0  stm32f10x_dbgmcu.o ABSOLUTE
    ..\Library\src\stm32f10x_dma.c           0x00000000   Number         0  stm32f10x_dma.o ABSOLUTE
    ..\Library\src\stm32f10x_exti.c          0x00000000   Number         0  stm32f10x_exti.o ABSOLUTE
    ..\Library\src\stm32f10x_flash.c         0x00000000   Number         0  stm32f10x_flash.o ABSOLUTE
    ..\Library\src\stm32f10x_fsmc.c          0x00000000   Number         0  stm32f10x_fsmc.o ABSOLUTE
    ..\Library\src\stm32f10x_gpio.c          0x00000000   Number         0  stm32f10x_gpio.o ABSOLUTE
    ..\Library\src\stm32f10x_i2c.c           0x00000000   Number         0  stm32f10x_i2c.o ABSOLUTE
    ..\Library\src\stm32f10x_iwdg.c          0x00000000   Number         0  stm32f10x_iwdg.o ABSOLUTE
    ..\Library\src\stm32f10x_pwr.c           0x00000000   Number         0  stm32f10x_pwr.o ABSOLUTE
    ..\Library\src\stm32f10x_rcc.c           0x00000000   Number         0  stm32f10x_rcc.o ABSOLUTE
    ..\Library\src\stm32f10x_rtc.c           0x00000000   Number         0  stm32f10x_rtc.o ABSOLUTE
    ..\Library\src\stm32f10x_sdio.c          0x00000000   Number         0  stm32f10x_sdio.o ABSOLUTE
    ..\Library\src\stm32f10x_spi.c           0x00000000   Number         0  stm32f10x_spi.o ABSOLUTE
    ..\Library\src\stm32f10x_tim.c           0x00000000   Number         0  stm32f10x_tim.o ABSOLUTE
    ..\Library\src\stm32f10x_usart.c         0x00000000   Number         0  stm32f10x_usart.o ABSOLUTE
    ..\Library\src\stm32f10x_wwdg.c          0x00000000   Number         0  stm32f10x_wwdg.o ABSOLUTE
    ..\Startup\startup_stm32f10x_ld.s        0x00000000   Number         0  startup_stm32f10x_ld.o ABSOLUTE
    ..\User\adc\adc.c                        0x00000000   Number         0  adc.o ABSOLUTE
    ..\User\clk\clk.c                        0x00000000   Number         0  clk.o ABSOLUTE
    ..\User\freq\freq.c                      0x00000000   Number         0  freq.o ABSOLUTE
    ..\User\iic\iic.c                        0x00000000   Number         0  iic.o ABSOLUTE
    ..\User\main.c                           0x00000000   Number         0  main.o ABSOLUTE
    ..\User\sht20\sht20.c                    0x00000000   Number         0  sht20.o ABSOLUTE
    ..\User\stm32f10x_it.c                   0x00000000   Number         0  stm32f10x_it.o ABSOLUTE
    ..\User\uart\uart.c                      0x00000000   Number         0  uart.o ABSOLUTE
    ..\\CMSIS\\core_cm3.c                    0x00000000   Number         0  core_cm3.o ABSOLUTE
    cdrcmple.s                               0x00000000   Number         0  cdrcmple.o ABSOLUTE
    cfcmple.s                                0x00000000   Number         0  cfcmple.o ABSOLUTE
    cfrcmple.s                               0x00000000   Number         0  cfrcmple.o ABSOLUTE
    dc.s                                     0x00000000   Number         0  dc.o ABSOLUTE
    handlers.s                               0x00000000   Number         0  handlers.o ABSOLUTE
    init.s                                   0x00000000   Number         0  init.o ABSOLUTE
    RESET                                    0x08000000   Section      236  startup_stm32f10x_ld.o(RESET)
    .ARM.Collect$$$$00000000                 0x080000ec   Section        0  entry.o(.ARM.Collect$$$$00000000)
    .ARM.Collect$$$$00000001                 0x080000ec   Section        4  entry2.o(.ARM.Collect$$$$00000001)
    .ARM.Collect$$$$00000004                 0x080000f0   Section        4  entry5.o(.ARM.Collect$$$$00000004)
    .ARM.Collect$$$$00000008                 0x080000f4   Section        0  entry7b.o(.ARM.Collect$$$$00000008)
    .ARM.Collect$$$$0000000A                 0x080000f4   Section        0  entry8b.o(.ARM.Collect$$$$0000000A)
    .ARM.Collect$$$$0000000B                 0x080000f4   Section        8  entry9a.o(.ARM.Collect$$$$0000000B)
    .ARM.Collect$$$$0000000E                 0x080000fc   Section        4  entry12b.o(.ARM.Collect$$$$0000000E)
    .ARM.Collect$$$$0000000F                 0x08000100   Section        0  entry10a.o(.ARM.Collect$$$$0000000F)
    .ARM.Collect$$$$00000011                 0x08000100   Section        0  entry11a.o(.ARM.Collect$$$$00000011)
    .ARM.Collect$$$$00002712                 0x08000100   Section        4  entry2.o(.ARM.Collect$$$$00002712)
    __lit__00000000                          0x08000100   Data           4  entry2.o(.ARM.Collect$$$$00002712)
    .text                                    0x08000104   Section       36  startup_stm32f10x_ld.o(.text)
    .text                                    0x08000128   Section        0  fadd.o(.text)
    .text                                    0x080001d8   Section        0  fmul.o(.text)
    .text                                    0x0800023c   Section        0  fdiv.o(.text)
    .text                                    0x080002b8   Section        0  dadd.o(.text)
    .text                                    0x08000406   Section        0  dmul.o(.text)
    .text                                    0x080004ea   Section        0  fflti.o(.text)
    .text                                    0x080004fc   Section        0  ffltui.o(.text)
    .text                                    0x08000506   Section        0  ffixui.o(.text)
    .text                                    0x0800052e   Section        0  f2d.o(.text)
    .text                                    0x08000554   Section        0  d2f.o(.text)
    .text                                    0x0800058c   Section       20  cfcmple.o(.text)
    .text                                    0x080005a0   Section        0  uidiv.o(.text)
    .text                                    0x080005cc   Section        0  uldiv.o(.text)
    .text                                    0x0800062e   Section        0  llshl.o(.text)
    .text                                    0x0800064c   Section        0  llsshr.o(.text)
    .text                                    0x08000670   Section        0  fepilogue.o(.text)
    .text                                    0x08000670   Section        0  iusefp.o(.text)
    .text                                    0x080006de   Section        0  depilogue.o(.text)
    .text                                    0x08000798   Section        0  ddiv.o(.text)
    .text                                    0x08000876   Section        0  dfixul.o(.text)
    .text                                    0x080008a8   Section       48  cdrcmple.o(.text)
    .text                                    0x080008d8   Section       36  init.o(.text)
    .text                                    0x080008fc   Section        0  llushr.o(.text)
    i.ADC_Cmd                                0x0800091c   Section        0  stm32f10x_adc.o(i.ADC_Cmd)
    i.ADC_DMACmd                             0x08000932   Section        0  stm32f10x_adc.o(i.ADC_DMACmd)
    i.ADC_GetCalibrationStatus               0x08000948   Section        0  stm32f10x_adc.o(i.ADC_GetCalibrationStatus)
    i.ADC_GetResetCalibrationStatus          0x0800095c   Section        0  stm32f10x_adc.o(i.ADC_GetResetCalibrationStatus)
    i.ADC_Init                               0x08000970   Section        0  stm32f10x_adc.o(i.ADC_Init)
    i.ADC_RegularChannelConfig               0x080009c0   Section        0  stm32f10x_adc.o(i.ADC_RegularChannelConfig)
    i.ADC_ResetCalibration                   0x08000a78   Section        0  stm32f10x_adc.o(i.ADC_ResetCalibration)
    i.ADC_SoftwareStartConvCmd               0x08000a82   Section        0  stm32f10x_adc.o(i.ADC_SoftwareStartConvCmd)
    i.ADC_StartCalibration                   0x08000a98   Section        0  stm32f10x_adc.o(i.ADC_StartCalibration)
    i.ADCx_GPIO_Config                       0x08000aa4   Section        0  adc.o(i.ADCx_GPIO_Config)
    ADCx_GPIO_Config                         0x08000aa5   Thumb Code    32  adc.o(i.ADCx_GPIO_Config)
    i.ADCx_Init                              0x08000ac8   Section        0  adc.o(i.ADCx_Init)
    i.ADCx_Mode_Config                       0x08000ad4   Section        0  adc.o(i.ADCx_Mode_Config)
    ADCx_Mode_Config                         0x08000ad5   Thumb Code   238  adc.o(i.ADCx_Mode_Config)
    i.BusFault_Handler                       0x08000bd0   Section        0  stm32f10x_it.o(i.BusFault_Handler)
    i.COUNTER_1S                             0x08000bd4   Section        0  main.o(i.COUNTER_1S)
    i.DMA_Cmd                                0x08000c18   Section        0  stm32f10x_dma.o(i.DMA_Cmd)
    i.DMA_DeInit                             0x08000c30   Section        0  stm32f10x_dma.o(i.DMA_DeInit)
    i.DMA_GetCurrDataCounter                 0x08000d7c   Section        0  stm32f10x_dma.o(i.DMA_GetCurrDataCounter)
    i.DMA_Init                               0x08000d84   Section        0  stm32f10x_dma.o(i.DMA_Init)
    i.DMA_SetCurrDataCounter                 0x08000dc0   Section        0  stm32f10x_dma.o(i.DMA_SetCurrDataCounter)
    i.DebugMon_Handler                       0x08000dc4   Section        0  stm32f10x_it.o(i.DebugMon_Handler)
    i.FLASH_PrefetchBufferCmd                0x08000dc8   Section        0  stm32f10x_flash.o(i.FLASH_PrefetchBufferCmd)
    i.FLASH_SetLatency                       0x08000de4   Section        0  stm32f10x_flash.o(i.FLASH_SetLatency)
    i.GPIO_Init                              0x08000dfc   Section        0  stm32f10x_gpio.o(i.GPIO_Init)
    i.GPIO_ReadInputDataBit                  0x08000f12   Section        0  stm32f10x_gpio.o(i.GPIO_ReadInputDataBit)
    i.GPIO_ResetBits                         0x08000f24   Section        0  stm32f10x_gpio.o(i.GPIO_ResetBits)
    i.GPIO_SetBits                           0x08000f28   Section        0  stm32f10x_gpio.o(i.GPIO_SetBits)
    i.Get_Aver                               0x08000f2c   Section        0  main.o(i.Get_Aver)
    i.HSI_SetSysClock                        0x08000f84   Section        0  clk.o(i.HSI_SetSysClock)
    i.HardFault_Handler                      0x0800101c   Section        0  stm32f10x_it.o(i.HardFault_Handler)
    i.I2C_Ack                                0x08001020   Section        0  iic.o(i.I2C_Ack)
    i.I2C_Configuration                      0x08001060   Section        0  iic.o(i.I2C_Configuration)
    i.I2C_NoAck                              0x080010a8   Section        0  iic.o(i.I2C_NoAck)
    i.I2C_ReceiveByte                        0x080010e8   Section        0  iic.o(i.I2C_ReceiveByte)
    i.I2C_SendByte                           0x08001144   Section        0  iic.o(i.I2C_SendByte)
    i.I2C_Start                              0x080011a8   Section        0  iic.o(i.I2C_Start)
    i.I2C_Stop                               0x08001208   Section        0  iic.o(i.I2C_Stop)
    i.I2C_WaitAck                            0x08001248   Section        0  iic.o(i.I2C_WaitAck)
    i.I2C_delay                              0x080012a0   Section        0  iic.o(i.I2C_delay)
    i.MemManage_Handler                      0x080012ae   Section        0  stm32f10x_it.o(i.MemManage_Handler)
    i.NMI_Handler                            0x080012b2   Section        0  stm32f10x_it.o(i.NMI_Handler)
    i.NVIC_Init                              0x080012b4   Section        0  misc.o(i.NVIC_Init)
    i.NVIC_PriorityGroupConfig               0x08001324   Section        0  misc.o(i.NVIC_PriorityGroupConfig)
    i.PendSV_Handler                         0x08001338   Section        0  stm32f10x_it.o(i.PendSV_Handler)
    i.Ppm_Value                              0x0800133c   Section        0  main.o(i.Ppm_Value)
    i.Ppm_Value_Average_Filter               0x0800144c   Section        0  main.o(i.Ppm_Value_Average_Filter)
    i.RCC_ADCCLKConfig                       0x080014e8   Section        0  stm32f10x_rcc.o(i.RCC_ADCCLKConfig)
    i.RCC_AHBPeriphClockCmd                  0x08001500   Section        0  stm32f10x_rcc.o(i.RCC_AHBPeriphClockCmd)
    i.RCC_APB1PeriphClockCmd                 0x08001520   Section        0  stm32f10x_rcc.o(i.RCC_APB1PeriphClockCmd)
    i.RCC_APB2PeriphClockCmd                 0x08001540   Section        0  stm32f10x_rcc.o(i.RCC_APB2PeriphClockCmd)
    i.RCC_DeInit                             0x08001560   Section        0  stm32f10x_rcc.o(i.RCC_DeInit)
    i.RCC_GetClocksFreq                      0x080015b0   Section        0  stm32f10x_rcc.o(i.RCC_GetClocksFreq)
    i.RCC_GetFlagStatus                      0x08001684   Section        0  stm32f10x_rcc.o(i.RCC_GetFlagStatus)
    i.RCC_GetSYSCLKSource                    0x080016c0   Section        0  stm32f10x_rcc.o(i.RCC_GetSYSCLKSource)
    i.RCC_HCLKConfig                         0x080016d0   Section        0  stm32f10x_rcc.o(i.RCC_HCLKConfig)
    i.RCC_HSICmd                             0x080016e8   Section        0  stm32f10x_rcc.o(i.RCC_HSICmd)
    i.RCC_PCLK1Config                        0x080016f4   Section        0  stm32f10x_rcc.o(i.RCC_PCLK1Config)
    i.RCC_PCLK2Config                        0x0800170c   Section        0  stm32f10x_rcc.o(i.RCC_PCLK2Config)
    i.RCC_PLLCmd                             0x08001724   Section        0  stm32f10x_rcc.o(i.RCC_PLLCmd)
    i.RCC_PLLConfig                          0x08001730   Section        0  stm32f10x_rcc.o(i.RCC_PLLConfig)
    i.RCC_SYSCLKConfig                       0x0800174c   Section        0  stm32f10x_rcc.o(i.RCC_SYSCLKConfig)
    i.SHT2X_Init                             0x08001764   Section        0  sht20.o(i.SHT2X_Init)
    i.SHT2X_TEST                             0x080018a8   Section        0  sht20.o(i.SHT2X_TEST)
    i.SHT2x_Calc_RH                          0x08001904   Section        0  sht20.o(i.SHT2x_Calc_RH)
    i.SHT2x_Calc_T                           0x080019f8   Section        0  sht20.o(i.SHT2x_Calc_T)
    i.SHT2x_CheckCrc                         0x08001af4   Section        0  sht20.o(i.SHT2x_CheckCrc)
    i.SHT2x_GetSerialNumber                  0x08001b3e   Section        0  sht20.o(i.SHT2x_GetSerialNumber)
    i.SVC_Handler                            0x08001c34   Section        0  stm32f10x_it.o(i.SVC_Handler)
    i.SetSysClock                            0x08001c36   Section        0  system_stm32f10x.o(i.SetSysClock)
    SetSysClock                              0x08001c37   Thumb Code     8  system_stm32f10x.o(i.SetSysClock)
    i.SetSysClockTo24                        0x08001c40   Section        0  system_stm32f10x.o(i.SetSysClockTo24)
    SetSysClockTo24                          0x08001c41   Thumb Code   178  system_stm32f10x.o(i.SetSysClockTo24)
    i.Smooth_filter                          0x08001cf8   Section        0  main.o(i.Smooth_filter)
    i.SysTick_CLKSourceConfig                0x08001d10   Section        0  misc.o(i.SysTick_CLKSourceConfig)
    i.SysTick_Handler                        0x08001d38   Section        0  stm32f10x_it.o(i.SysTick_Handler)
    i.SystemInit                             0x08001d3c   Section        0  system_stm32f10x.o(i.SystemInit)
    i.TIM2_IRQHandler                        0x08001da0   Section        0  freq.o(i.TIM2_IRQHandler)
    i.TIM_ClearITPendingBit                  0x08001e20   Section        0  stm32f10x_tim.o(i.TIM_ClearITPendingBit)
    i.TIM_Cmd                                0x08001e26   Section        0  stm32f10x_tim.o(i.TIM_Cmd)
    i.TIM_GetITStatus                        0x08001e3e   Section        0  stm32f10x_tim.o(i.TIM_GetITStatus)
    i.TIM_ITConfig                           0x08001e60   Section        0  stm32f10x_tim.o(i.TIM_ITConfig)
    i.TIM_OC1Init                            0x08001e74   Section        0  stm32f10x_tim.o(i.TIM_OC1Init)
    i.TIM_OC1PreloadConfig                   0x08001f0c   Section        0  stm32f10x_tim.o(i.TIM_OC1PreloadConfig)
    i.TIM_OC2Init                            0x08001f20   Section        0  stm32f10x_tim.o(i.TIM_OC2Init)
    i.TIM_OC2PreloadConfig                   0x08001fc4   Section        0  stm32f10x_tim.o(i.TIM_OC2PreloadConfig)
    i.TIM_OC3Init                            0x08001fe0   Section        0  stm32f10x_tim.o(i.TIM_OC3Init)
    i.TIM_OC3PreloadConfig                   0x08002080   Section        0  stm32f10x_tim.o(i.TIM_OC3PreloadConfig)
    i.TIM_OC4Init                            0x08002094   Section        0  stm32f10x_tim.o(i.TIM_OC4Init)
    i.TIM_OC4PreloadConfig                   0x08002110   Section        0  stm32f10x_tim.o(i.TIM_OC4PreloadConfig)
    i.TIM_TimeBaseInit                       0x0800212c   Section        0  stm32f10x_tim.o(i.TIM_TimeBaseInit)
    i.UART_NVIC_Config                       0x080021d0   Section        0  uart.o(i.UART_NVIC_Config)
    UART_NVIC_Config                         0x080021d1   Thumb Code    42  uart.o(i.UART_NVIC_Config)
    i.USART1_IRQHandler                      0x080021fc   Section        0  uart.o(i.USART1_IRQHandler)
    i.USART_ClearFlag                        0x08002254   Section        0  stm32f10x_usart.o(i.USART_ClearFlag)
    i.USART_Cmd                              0x08002266   Section        0  stm32f10x_usart.o(i.USART_Cmd)
    i.USART_Config                           0x08002280   Section        0  uart.o(i.USART_Config)
    i.USART_DMACmd                           0x08002320   Section        0  stm32f10x_usart.o(i.USART_DMACmd)
    i.USART_GetFlagStatus                    0x08002332   Section        0  stm32f10x_usart.o(i.USART_GetFlagStatus)
    i.USART_GetITStatus                      0x0800234c   Section        0  stm32f10x_usart.o(i.USART_GetITStatus)
    i.USART_ITConfig                         0x080023a0   Section        0  stm32f10x_usart.o(i.USART_ITConfig)
    i.USART_Init                             0x080023ec   Section        0  stm32f10x_usart.o(i.USART_Init)
    i.USART_ReceiveData                      0x080024c4   Section        0  stm32f10x_usart.o(i.USART_ReceiveData)
    i.USART_SendData                         0x080024ce   Section        0  stm32f10x_usart.o(i.USART_SendData)
    i.USARTx_DMA_Config                      0x080024d8   Section        0  uart.o(i.USARTx_DMA_Config)
    USARTx_DMA_Config                        0x080024d9   Thumb Code    74  uart.o(i.USARTx_DMA_Config)
    i.UsageFault_Handler                     0x08002530   Section        0  stm32f10x_it.o(i.UsageFault_Handler)
    i.Usart_SendArray                        0x08002534   Section        0  uart.o(i.Usart_SendArray)
    i.Usart_SendByte                         0x08002564   Section        0  uart.o(i.Usart_SendByte)
    i.__0printf                              0x08002584   Section        0  printfa.o(i.__0printf)
    i.__scatterload_copy                     0x080025a4   Section       14  handlers.o(i.__scatterload_copy)
    i.__scatterload_null                     0x080025b2   Section        2  handlers.o(i.__scatterload_null)
    i.__scatterload_zeroinit                 0x080025b4   Section       14  handlers.o(i.__scatterload_zeroinit)
    i._fp_digits                             0x080025c4   Section        0  printfa.o(i._fp_digits)
    _fp_digits                               0x080025c5   Thumb Code   366  printfa.o(i._fp_digits)
    i._printf_core                           0x08002748   Section        0  printfa.o(i._printf_core)
    _printf_core                             0x08002749   Thumb Code  1704  printfa.o(i._printf_core)
    i._printf_post_padding                   0x08002dfc   Section        0  printfa.o(i._printf_post_padding)
    _printf_post_padding                     0x08002dfd   Thumb Code    36  printfa.o(i._printf_post_padding)
    i._printf_pre_padding                    0x08002e20   Section        0  printfa.o(i._printf_pre_padding)
    _printf_pre_padding                      0x08002e21   Thumb Code    46  printfa.o(i._printf_pre_padding)
    i.adc_Pwm_Config                         0x08002e4e   Section        0  freq.o(i.adc_Pwm_Config)
    adc_Pwm_Config                           0x08002e4f   Thumb Code   200  freq.o(i.adc_Pwm_Config)
    i.ctrl_MODE_Config                       0x08002f18   Section        0  freq.o(i.ctrl_MODE_Config)
    ctrl_MODE_Config                         0x08002f19   Thumb Code   112  freq.o(i.ctrl_MODE_Config)
    i.ctrl_freq_GPIO_Config                  0x08002f8c   Section        0  freq.o(i.ctrl_freq_GPIO_Config)
    ctrl_freq_GPIO_Config                    0x08002f8d   Thumb Code    38  freq.o(i.ctrl_freq_GPIO_Config)
    i.ctrl_freq_init                         0x08002fb8   Section        0  freq.o(i.ctrl_freq_init)
    i.ctrl_pwm_init                          0x08002fc4   Section        0  freq.o(i.ctrl_pwm_init)
    i.delay_init                             0x08002fd0   Section        0  main.o(i.delay_init)
    i.delay_us                               0x08002ff4   Section        0  main.o(i.delay_us)
    i.delay_us                               0x08003040   Section        0  sht20.o(i.delay_us)
    delay_us                                 0x08003041   Thumb Code    26  sht20.o(i.delay_us)
    i.fputc                                  0x0800305c   Section        0  uart.o(i.fputc)
    i.freq_NVIC_Config                       0x08003080   Section        0  freq.o(i.freq_NVIC_Config)
    freq_NVIC_Config                         0x08003081   Thumb Code    42  freq.o(i.freq_NVIC_Config)
    i.main                                   0x080030ac   Section        0  main.o(i.main)
    i.peak_peak_filter                       0x08003220   Section        0  main.o(i.peak_peak_filter)
    .data                                    0x20000000   Section       20  system_stm32f10x.o(.data)
    .data                                    0x20000014   Section       52  main.o(.data)
    fac_us                                   0x20000028   Data           1  main.o(.data)
    prevData                                 0x2000002c   Data           4  main.o(.data)
    p                                        0x20000030   Data           4  main.o(.data)
    q                                        0x20000034   Data           4  main.o(.data)
    r                                        0x20000038   Data           4  main.o(.data)
    KGain                                    0x2000003c   Data           4  main.o(.data)
    prevData                                 0x20000040   Data           4  main.o(.data)
    Last_Data                                0x20000044   Data           4  main.o(.data)
    .data                                    0x20000048   Section        2  freq.o(.data)
    .data                                    0x2000004a   Section        6  uart.o(.data)
    .data                                    0x20000050   Section       32  sht20.o(.data)
    .data                                    0x20000070   Section        4  adc.o(.data)
    .data                                    0x20000074   Section       20  stm32f10x_rcc.o(.data)
    APBAHBPrescTable                         0x20000074   Data          16  stm32f10x_rcc.o(.data)
    ADCPrescTable                            0x20000084   Data           4  stm32f10x_rcc.o(.data)
    .data                                    0x20000088   Section        4  stdout.o(.data)
    .bss                                     0x2000008c   Section     1052  main.o(.bss)
    STACK                                    0x200004a8   Section     1024  startup_stm32f10x_ld.o(STACK)

    Global Symbols

    Symbol Name                              Value     Ov Type        Size  Object(Section)

    BuildAttributes$$THM_ISAv4$P$D$K$B$S$PE$A:L22UL41UL21$X:L11$S22US41US21$IEEE1$IW$USESV6$~STKCKD$USESV7$~SHL$OTIME$ROPI$EBA8$MICROLIB$REQ8$PRES8$EABIv2 0x00000000   Number         0  anon$$obj.o ABSOLUTE
    __ARM_use_no_argv                        0x00000000   Number         0  main.o ABSOLUTE
    _printf_a                                0x00000000   Number         0  stubs.o ABSOLUTE
    _printf_c                                0x00000000   Number         0  stubs.o ABSOLUTE
    _printf_charcount                        0x00000000   Number         0  stubs.o ABSOLUTE
    _printf_d                                0x00000000   Number         0  stubs.o ABSOLUTE
    _printf_e                                0x00000000   Number         0  stubs.o ABSOLUTE
    _printf_f                                0x00000000   Number         0  stubs.o ABSOLUTE
    _printf_flags                            0x00000000   Number         0  stubs.o ABSOLUTE
    _printf_fp_dec                           0x00000000   Number         0  stubs.o ABSOLUTE
    _printf_fp_hex                           0x00000000   Number         0  stubs.o ABSOLUTE
    _printf_g                                0x00000000   Number         0  stubs.o ABSOLUTE
    _printf_i                                0x00000000   Number         0  stubs.o ABSOLUTE
    _printf_int_dec                          0x00000000   Number         0  stubs.o ABSOLUTE
    _printf_l                                0x00000000   Number         0  stubs.o ABSOLUTE
    _printf_lc                               0x00000000   Number         0  stubs.o ABSOLUTE
    _printf_ll                               0x00000000   Number         0  stubs.o ABSOLUTE
    _printf_lld                              0x00000000   Number         0  stubs.o ABSOLUTE
    _printf_lli                              0x00000000   Number         0  stubs.o ABSOLUTE
    _printf_llo                              0x00000000   Number         0  stubs.o ABSOLUTE
    _printf_llu                              0x00000000   Number         0  stubs.o ABSOLUTE
    _printf_llx                              0x00000000   Number         0  stubs.o ABSOLUTE
    _printf_longlong_dec                     0x00000000   Number         0  stubs.o ABSOLUTE
    _printf_longlong_hex                     0x00000000   Number         0  stubs.o ABSOLUTE
    _printf_longlong_oct                     0x00000000   Number         0  stubs.o ABSOLUTE
    _printf_ls                               0x00000000   Number         0  stubs.o ABSOLUTE
    _printf_mbtowc                           0x00000000   Number         0  stubs.o ABSOLUTE
    _printf_n                                0x00000000   Number         0  stubs.o ABSOLUTE
    _printf_o                                0x00000000   Number         0  stubs.o ABSOLUTE
    _printf_p                                0x00000000   Number         0  stubs.o ABSOLUTE
    _printf_percent                          0x00000000   Number         0  stubs.o ABSOLUTE
    _printf_pre_padding                      0x00000000   Number         0  stubs.o ABSOLUTE
    _printf_return_value                     0x00000000   Number         0  stubs.o ABSOLUTE
    _printf_s                                0x00000000   Number         0  stubs.o ABSOLUTE
    _printf_sizespec                         0x00000000   Number         0  stubs.o ABSOLUTE
    _printf_str                              0x00000000   Number         0  stubs.o ABSOLUTE
    _printf_truncate_signed                  0x00000000   Number         0  stubs.o ABSOLUTE
    _printf_truncate_unsigned                0x00000000   Number         0  stubs.o ABSOLUTE
    _printf_u                                0x00000000   Number         0  stubs.o ABSOLUTE
    _printf_wc                               0x00000000   Number         0  stubs.o ABSOLUTE
    _printf_wctomb                           0x00000000   Number         0  stubs.o ABSOLUTE
    _printf_widthprec                        0x00000000   Number         0  stubs.o ABSOLUTE
    _printf_x                                0x00000000   Number         0  stubs.o ABSOLUTE
    __arm_fini_                               - Undefined Weak Reference
    __cpp_initialize__aeabi_                  - Undefined Weak Reference
    __cxa_finalize                            - Undefined Weak Reference
    __decompress                              - Undefined Weak Reference
    _clock_init                               - Undefined Weak Reference
    _microlib_exit                            - Undefined Weak Reference
    __Vectors_Size                           0x000000ec   Number         0  startup_stm32f10x_ld.o ABSOLUTE
    __Vectors                                0x08000000   Data           4  startup_stm32f10x_ld.o(RESET)
    __Vectors_End                            0x080000ec   Data           0  startup_stm32f10x_ld.o(RESET)
    __main                                   0x080000ed   Thumb Code     0  entry.o(.ARM.Collect$$$$00000000)
    _main_stk                                0x080000ed   Thumb Code     0  entry2.o(.ARM.Collect$$$$00000001)
    _main_scatterload                        0x080000f1   Thumb Code     0  entry5.o(.ARM.Collect$$$$00000004)
    __main_after_scatterload                 0x080000f5   Thumb Code     0  entry5.o(.ARM.Collect$$$$00000004)
    _main_clock                              0x080000f5   Thumb Code     0  entry7b.o(.ARM.Collect$$$$00000008)
    _main_cpp_init                           0x080000f5   Thumb Code     0  entry8b.o(.ARM.Collect$$$$0000000A)
    _main_init                               0x080000f5   Thumb Code     0  entry9a.o(.ARM.Collect$$$$0000000B)
    __rt_lib_shutdown_fini                   0x080000fd   Thumb Code     0  entry12b.o(.ARM.Collect$$$$0000000E)
    __rt_final_cpp                           0x08000101   Thumb Code     0  entry10a.o(.ARM.Collect$$$$0000000F)
    __rt_final_exit                          0x08000101   Thumb Code     0  entry11a.o(.ARM.Collect$$$$00000011)
    Reset_Handler                            0x08000105   Thumb Code     8  startup_stm32f10x_ld.o(.text)
    ADC1_2_IRQHandler                        0x0800011f   Thumb Code     0  startup_stm32f10x_ld.o(.text)
    CAN1_RX1_IRQHandler                      0x0800011f   Thumb Code     0  startup_stm32f10x_ld.o(.text)
    CAN1_SCE_IRQHandler                      0x0800011f   Thumb Code     0  startup_stm32f10x_ld.o(.text)
    DMA1_Channel1_IRQHandler                 0x0800011f   Thumb Code     0  startup_stm32f10x_ld.o(.text)
    DMA1_Channel2_IRQHandler                 0x0800011f   Thumb Code     0  startup_stm32f10x_ld.o(.text)
    DMA1_Channel3_IRQHandler                 0x0800011f   Thumb Code     0  startup_stm32f10x_ld.o(.text)
    DMA1_Channel4_IRQHandler                 0x0800011f   Thumb Code     0  startup_stm32f10x_ld.o(.text)
    DMA1_Channel5_IRQHandler                 0x0800011f   Thumb Code     0  startup_stm32f10x_ld.o(.text)
    DMA1_Channel6_IRQHandler                 0x0800011f   Thumb Code     0  startup_stm32f10x_ld.o(.text)
    DMA1_Channel7_IRQHandler                 0x0800011f   Thumb Code     0  startup_stm32f10x_ld.o(.text)
    EXTI0_IRQHandler                         0x0800011f   Thumb Code     0  startup_stm32f10x_ld.o(.text)
    EXTI15_10_IRQHandler                     0x0800011f   Thumb Code     0  startup_stm32f10x_ld.o(.text)
    EXTI1_IRQHandler                         0x0800011f   Thumb Code     0  startup_stm32f10x_ld.o(.text)
    EXTI2_IRQHandler                         0x0800011f   Thumb Code     0  startup_stm32f10x_ld.o(.text)
    EXTI3_IRQHandler                         0x0800011f   Thumb Code     0  startup_stm32f10x_ld.o(.text)
    EXTI4_IRQHandler                         0x0800011f   Thumb Code     0  startup_stm32f10x_ld.o(.text)
    EXTI9_5_IRQHandler                       0x0800011f   Thumb Code     0  startup_stm32f10x_ld.o(.text)
    FLASH_IRQHandler                         0x0800011f   Thumb Code     0  startup_stm32f10x_ld.o(.text)
    I2C1_ER_IRQHandler                       0x0800011f   Thumb Code     0  startup_stm32f10x_ld.o(.text)
    I2C1_EV_IRQHandler                       0x0800011f   Thumb Code     0  startup_stm32f10x_ld.o(.text)
    PVD_IRQHandler                           0x0800011f   Thumb Code     0  startup_stm32f10x_ld.o(.text)
    RCC_IRQHandler                           0x0800011f   Thumb Code     0  startup_stm32f10x_ld.o(.text)
    RTCAlarm_IRQHandler                      0x0800011f   Thumb Code     0  startup_stm32f10x_ld.o(.text)
    RTC_IRQHandler                           0x0800011f   Thumb Code     0  startup_stm32f10x_ld.o(.text)
    SPI1_IRQHandler                          0x0800011f   Thumb Code     0  startup_stm32f10x_ld.o(.text)
    TAMPER_IRQHandler                        0x0800011f   Thumb Code     0  startup_stm32f10x_ld.o(.text)
    TIM1_BRK_IRQHandler                      0x0800011f   Thumb Code     0  startup_stm32f10x_ld.o(.text)
    TIM1_CC_IRQHandler                       0x0800011f   Thumb Code     0  startup_stm32f10x_ld.o(.text)
    TIM1_TRG_COM_IRQHandler                  0x0800011f   Thumb Code     0  startup_stm32f10x_ld.o(.text)
    TIM1_UP_IRQHandler                       0x0800011f   Thumb Code     0  startup_stm32f10x_ld.o(.text)
    TIM3_IRQHandler                          0x0800011f   Thumb Code     0  startup_stm32f10x_ld.o(.text)
    USART2_IRQHandler                        0x0800011f   Thumb Code     0  startup_stm32f10x_ld.o(.text)
    USBWakeUp_IRQHandler                     0x0800011f   Thumb Code     0  startup_stm32f10x_ld.o(.text)
    USB_HP_CAN1_TX_IRQHandler                0x0800011f   Thumb Code     0  startup_stm32f10x_ld.o(.text)
    USB_LP_CAN1_RX0_IRQHandler               0x0800011f   Thumb Code     0  startup_stm32f10x_ld.o(.text)
    WWDG_IRQHandler                          0x0800011f   Thumb Code     0  startup_stm32f10x_ld.o(.text)
    __aeabi_fadd                             0x08000129   Thumb Code   164  fadd.o(.text)
    __aeabi_fsub                             0x080001cd   Thumb Code     6  fadd.o(.text)
    __aeabi_frsub                            0x080001d3   Thumb Code     6  fadd.o(.text)
    __aeabi_fmul                             0x080001d9   Thumb Code   100  fmul.o(.text)
    __aeabi_fdiv                             0x0800023d   Thumb Code   124  fdiv.o(.text)
    __aeabi_dadd                             0x080002b9   Thumb Code   322  dadd.o(.text)
    __aeabi_dsub                             0x080003fb   Thumb Code     6  dadd.o(.text)
    __aeabi_drsub                            0x08000401   Thumb Code     6  dadd.o(.text)
    __aeabi_dmul                             0x08000407   Thumb Code   228  dmul.o(.text)
    __aeabi_i2f                              0x080004eb   Thumb Code    18  fflti.o(.text)
    __aeabi_ui2f                             0x080004fd   Thumb Code    10  ffltui.o(.text)
    __aeabi_f2uiz                            0x08000507   Thumb Code    40  ffixui.o(.text)
    __aeabi_f2d                              0x0800052f   Thumb Code    38  f2d.o(.text)
    __aeabi_d2f                              0x08000555   Thumb Code    56  d2f.o(.text)
    __aeabi_cfcmpeq                          0x0800058d   Thumb Code     0  cfcmple.o(.text)
    __aeabi_cfcmple                          0x0800058d   Thumb Code    20  cfcmple.o(.text)
    __aeabi_uidiv                            0x080005a1   Thumb Code     0  uidiv.o(.text)
    __aeabi_uidivmod                         0x080005a1   Thumb Code    44  uidiv.o(.text)
    __aeabi_uldivmod                         0x080005cd   Thumb Code    98  uldiv.o(.text)
    __aeabi_llsl                             0x0800062f   Thumb Code    30  llshl.o(.text)
    _ll_shift_l                              0x0800062f   Thumb Code     0  llshl.o(.text)
    __aeabi_lasr                             0x0800064d   Thumb Code    36  llsshr.o(.text)
    _ll_sshift_r                             0x0800064d   Thumb Code     0  llsshr.o(.text)
    __I$use$fp                               0x08000671   Thumb Code     0  iusefp.o(.text)
    _float_round                             0x08000671   Thumb Code    18  fepilogue.o(.text)
    _float_epilogue                          0x08000683   Thumb Code    92  fepilogue.o(.text)
    _double_round                            0x080006df   Thumb Code    30  depilogue.o(.text)
    _double_epilogue                         0x080006fd   Thumb Code   156  depilogue.o(.text)
    __aeabi_ddiv                             0x08000799   Thumb Code   222  ddiv.o(.text)
    __aeabi_d2ulz                            0x08000877   Thumb Code    48  dfixul.o(.text)
    __aeabi_cdrcmple                         0x080008a9   Thumb Code    48  cdrcmple.o(.text)
    __scatterload                            0x080008d9   Thumb Code    28  init.o(.text)
    __scatterload_rt2                        0x080008d9   Thumb Code     0  init.o(.text)
    __aeabi_llsr                             0x080008fd   Thumb Code    32  llushr.o(.text)
    _ll_ushift_r                             0x080008fd   Thumb Code     0  llushr.o(.text)
    ADC_Cmd                                  0x0800091d   Thumb Code    22  stm32f10x_adc.o(i.ADC_Cmd)
    ADC_DMACmd                               0x08000933   Thumb Code    22  stm32f10x_adc.o(i.ADC_DMACmd)
    ADC_GetCalibrationStatus                 0x08000949   Thumb Code    20  stm32f10x_adc.o(i.ADC_GetCalibrationStatus)
    ADC_GetResetCalibrationStatus            0x0800095d   Thumb Code    20  stm32f10x_adc.o(i.ADC_GetResetCalibrationStatus)
    ADC_Init                                 0x08000971   Thumb Code    70  stm32f10x_adc.o(i.ADC_Init)
    ADC_RegularChannelConfig                 0x080009c1   Thumb Code   184  stm32f10x_adc.o(i.ADC_RegularChannelConfig)
    ADC_ResetCalibration                     0x08000a79   Thumb Code    10  stm32f10x_adc.o(i.ADC_ResetCalibration)
    ADC_SoftwareStartConvCmd                 0x08000a83   Thumb Code    22  stm32f10x_adc.o(i.ADC_SoftwareStartConvCmd)
    ADC_StartCalibration                     0x08000a99   Thumb Code    10  stm32f10x_adc.o(i.ADC_StartCalibration)
    ADCx_Init                                0x08000ac9   Thumb Code    12  adc.o(i.ADCx_Init)
    BusFault_Handler                         0x08000bd1   Thumb Code     4  stm32f10x_it.o(i.BusFault_Handler)
    COUNTER_1S                               0x08000bd5   Thumb Code    36  main.o(i.COUNTER_1S)
    DMA_Cmd                                  0x08000c19   Thumb Code    24  stm32f10x_dma.o(i.DMA_Cmd)
    DMA_DeInit                               0x08000c31   Thumb Code   324  stm32f10x_dma.o(i.DMA_DeInit)
    DMA_GetCurrDataCounter                   0x08000d7d   Thumb Code     8  stm32f10x_dma.o(i.DMA_GetCurrDataCounter)
    DMA_Init                                 0x08000d85   Thumb Code    60  stm32f10x_dma.o(i.DMA_Init)
    DMA_SetCurrDataCounter                   0x08000dc1   Thumb Code     4  stm32f10x_dma.o(i.DMA_SetCurrDataCounter)
    DebugMon_Handler                         0x08000dc5   Thumb Code     2  stm32f10x_it.o(i.DebugMon_Handler)
    FLASH_PrefetchBufferCmd                  0x08000dc9   Thumb Code    22  stm32f10x_flash.o(i.FLASH_PrefetchBufferCmd)
    FLASH_SetLatency                         0x08000de5   Thumb Code    18  stm32f10x_flash.o(i.FLASH_SetLatency)
    GPIO_Init                                0x08000dfd   Thumb Code   278  stm32f10x_gpio.o(i.GPIO_Init)
    GPIO_ReadInputDataBit                    0x08000f13   Thumb Code    18  stm32f10x_gpio.o(i.GPIO_ReadInputDataBit)
    GPIO_ResetBits                           0x08000f25   Thumb Code     4  stm32f10x_gpio.o(i.GPIO_ResetBits)
    GPIO_SetBits                             0x08000f29   Thumb Code     4  stm32f10x_gpio.o(i.GPIO_SetBits)
    Get_Aver                                 0x08000f2d   Thumb Code    76  main.o(i.Get_Aver)
    HSI_SetSysClock                          0x08000f85   Thumb Code   118  clk.o(i.HSI_SetSysClock)
    HardFault_Handler                        0x0800101d   Thumb Code     4  stm32f10x_it.o(i.HardFault_Handler)
    I2C_Ack                                  0x08001021   Thumb Code    60  iic.o(i.I2C_Ack)
    I2C_Configuration                        0x08001061   Thumb Code    68  iic.o(i.I2C_Configuration)
    I2C_NoAck                                0x080010a9   Thumb Code    60  iic.o(i.I2C_NoAck)
    I2C_ReceiveByte                          0x080010e9   Thumb Code    88  iic.o(i.I2C_ReceiveByte)
    I2C_SendByte                             0x08001145   Thumb Code    94  iic.o(i.I2C_SendByte)
    I2C_Start                                0x080011a9   Thumb Code    90  iic.o(i.I2C_Start)
    I2C_Stop                                 0x08001209   Thumb Code    60  iic.o(i.I2C_Stop)
    I2C_WaitAck                              0x08001249   Thumb Code    84  iic.o(i.I2C_WaitAck)
    I2C_delay                                0x080012a1   Thumb Code    14  iic.o(i.I2C_delay)
    MemManage_Handler                        0x080012af   Thumb Code     4  stm32f10x_it.o(i.MemManage_Handler)
    NMI_Handler                              0x080012b3   Thumb Code     2  stm32f10x_it.o(i.NMI_Handler)
    NVIC_Init                                0x080012b5   Thumb Code   100  misc.o(i.NVIC_Init)
    NVIC_PriorityGroupConfig                 0x08001325   Thumb Code    10  misc.o(i.NVIC_PriorityGroupConfig)
    PendSV_Handler                           0x08001339   Thumb Code     2  stm32f10x_it.o(i.PendSV_Handler)
    Ppm_Value                                0x0800133d   Thumb Code   224  main.o(i.Ppm_Value)
    Ppm_Value_Average_Filter                 0x0800144d   Thumb Code   144  main.o(i.Ppm_Value_Average_Filter)
    RCC_ADCCLKConfig                         0x080014e9   Thumb Code    18  stm32f10x_rcc.o(i.RCC_ADCCLKConfig)
    RCC_AHBPeriphClockCmd                    0x08001501   Thumb Code    26  stm32f10x_rcc.o(i.RCC_AHBPeriphClockCmd)
    RCC_APB1PeriphClockCmd                   0x08001521   Thumb Code    26  stm32f10x_rcc.o(i.RCC_APB1PeriphClockCmd)
    RCC_APB2PeriphClockCmd                   0x08001541   Thumb Code    26  stm32f10x_rcc.o(i.RCC_APB2PeriphClockCmd)
    RCC_DeInit                               0x08001561   Thumb Code    68  stm32f10x_rcc.o(i.RCC_DeInit)
    RCC_GetClocksFreq                        0x080015b1   Thumb Code   190  stm32f10x_rcc.o(i.RCC_GetClocksFreq)
    RCC_GetFlagStatus                        0x08001685   Thumb Code    56  stm32f10x_rcc.o(i.RCC_GetFlagStatus)
    RCC_GetSYSCLKSource                      0x080016c1   Thumb Code    10  stm32f10x_rcc.o(i.RCC_GetSYSCLKSource)
    RCC_HCLKConfig                           0x080016d1   Thumb Code    18  stm32f10x_rcc.o(i.RCC_HCLKConfig)
    RCC_HSICmd                               0x080016e9   Thumb Code     6  stm32f10x_rcc.o(i.RCC_HSICmd)
    RCC_PCLK1Config                          0x080016f5   Thumb Code    18  stm32f10x_rcc.o(i.RCC_PCLK1Config)
    RCC_PCLK2Config                          0x0800170d   Thumb Code    20  stm32f10x_rcc.o(i.RCC_PCLK2Config)
    RCC_PLLCmd                               0x08001725   Thumb Code     6  stm32f10x_rcc.o(i.RCC_PLLCmd)
    RCC_PLLConfig                            0x08001731   Thumb Code    24  stm32f10x_rcc.o(i.RCC_PLLConfig)
    RCC_SYSCLKConfig                         0x0800174d   Thumb Code    18  stm32f10x_rcc.o(i.RCC_SYSCLKConfig)
    SHT2X_Init                               0x08001765   Thumb Code   252  sht20.o(i.SHT2X_Init)
    SHT2X_TEST                               0x080018a9   Thumb Code    56  sht20.o(i.SHT2X_TEST)
    SHT2x_Calc_RH                            0x08001905   Thumb Code   230  sht20.o(i.SHT2x_Calc_RH)
    SHT2x_Calc_T                             0x080019f9   Thumb Code   230  sht20.o(i.SHT2x_Calc_T)
    SHT2x_CheckCrc                           0x08001af5   Thumb Code    74  sht20.o(i.SHT2x_CheckCrc)
    SHT2x_GetSerialNumber                    0x08001b3f   Thumb Code   246  sht20.o(i.SHT2x_GetSerialNumber)
    SVC_Handler                              0x08001c35   Thumb Code     2  stm32f10x_it.o(i.SVC_Handler)
    Smooth_filter                            0x08001cf9   Thumb Code    20  main.o(i.Smooth_filter)
    SysTick_CLKSourceConfig                  0x08001d11   Thumb Code    40  misc.o(i.SysTick_CLKSourceConfig)
    SysTick_Handler                          0x08001d39   Thumb Code     2  stm32f10x_it.o(i.SysTick_Handler)
    SystemInit                               0x08001d3d   Thumb Code    82  system_stm32f10x.o(i.SystemInit)
    TIM2_IRQHandler                          0x08001da1   Thumb Code   120  freq.o(i.TIM2_IRQHandler)
    TIM_ClearITPendingBit                    0x08001e21   Thumb Code     6  stm32f10x_tim.o(i.TIM_ClearITPendingBit)
    TIM_Cmd                                  0x08001e27   Thumb Code    24  stm32f10x_tim.o(i.TIM_Cmd)
    TIM_GetITStatus                          0x08001e3f   Thumb Code    34  stm32f10x_tim.o(i.TIM_GetITStatus)
    TIM_ITConfig                             0x08001e61   Thumb Code    18  stm32f10x_tim.o(i.TIM_ITConfig)
    TIM_OC1Init                              0x08001e75   Thumb Code   132  stm32f10x_tim.o(i.TIM_OC1Init)
    TIM_OC1PreloadConfig                     0x08001f0d   Thumb Code    18  stm32f10x_tim.o(i.TIM_OC1PreloadConfig)
    TIM_OC2Init                              0x08001f21   Thumb Code   154  stm32f10x_tim.o(i.TIM_OC2Init)
    TIM_OC2PreloadConfig                     0x08001fc5   Thumb Code    26  stm32f10x_tim.o(i.TIM_OC2PreloadConfig)
    TIM_OC3Init                              0x08001fe1   Thumb Code   150  stm32f10x_tim.o(i.TIM_OC3Init)
    TIM_OC3PreloadConfig                     0x08002081   Thumb Code    18  stm32f10x_tim.o(i.TIM_OC3PreloadConfig)
    TIM_OC4Init                              0x08002095   Thumb Code   114  stm32f10x_tim.o(i.TIM_OC4Init)
    TIM_OC4PreloadConfig                     0x08002111   Thumb Code    26  stm32f10x_tim.o(i.TIM_OC4PreloadConfig)
    TIM_TimeBaseInit                         0x0800212d   Thumb Code   122  stm32f10x_tim.o(i.TIM_TimeBaseInit)
    USART1_IRQHandler                        0x080021fd   Thumb Code    76  uart.o(i.USART1_IRQHandler)
    USART_ClearFlag                          0x08002255   Thumb Code    18  stm32f10x_usart.o(i.USART_ClearFlag)
    USART_Cmd                                0x08002267   Thumb Code    24  stm32f10x_usart.o(i.USART_Cmd)
    USART_Config                             0x08002281   Thumb Code   150  uart.o(i.USART_Config)
    USART_DMACmd                             0x08002321   Thumb Code    18  stm32f10x_usart.o(i.USART_DMACmd)
    USART_GetFlagStatus                      0x08002333   Thumb Code    26  stm32f10x_usart.o(i.USART_GetFlagStatus)
    USART_GetITStatus                        0x0800234d   Thumb Code    84  stm32f10x_usart.o(i.USART_GetITStatus)
    USART_ITConfig                           0x080023a1   Thumb Code    74  stm32f10x_usart.o(i.USART_ITConfig)
    USART_Init                               0x080023ed   Thumb Code   210  stm32f10x_usart.o(i.USART_Init)
    USART_ReceiveData                        0x080024c5   Thumb Code    10  stm32f10x_usart.o(i.USART_ReceiveData)
    USART_SendData                           0x080024cf   Thumb Code     8  stm32f10x_usart.o(i.USART_SendData)
    UsageFault_Handler                       0x08002531   Thumb Code     4  stm32f10x_it.o(i.UsageFault_Handler)
    Usart_SendArray                          0x08002535   Thumb Code    48  uart.o(i.Usart_SendArray)
    Usart_SendByte                           0x08002565   Thumb Code    30  uart.o(i.Usart_SendByte)
    __0printf                                0x08002585   Thumb Code    22  printfa.o(i.__0printf)
    __1printf                                0x08002585   Thumb Code     0  printfa.o(i.__0printf)
    __2printf                                0x08002585   Thumb Code     0  printfa.o(i.__0printf)
    __c89printf                              0x08002585   Thumb Code     0  printfa.o(i.__0printf)
    printf                                   0x08002585   Thumb Code     0  printfa.o(i.__0printf)
    __scatterload_copy                       0x080025a5   Thumb Code    14  handlers.o(i.__scatterload_copy)
    __scatterload_null                       0x080025b3   Thumb Code     2  handlers.o(i.__scatterload_null)
    __scatterload_zeroinit                   0x080025b5   Thumb Code    14  handlers.o(i.__scatterload_zeroinit)
    ctrl_freq_init                           0x08002fb9   Thumb Code    12  freq.o(i.ctrl_freq_init)
    ctrl_pwm_init                            0x08002fc5   Thumb Code    12  freq.o(i.ctrl_pwm_init)
    delay_init                               0x08002fd1   Thumb Code    24  main.o(i.delay_init)
    delay_us                                 0x08002ff5   Thumb Code    72  main.o(i.delay_us)
    fputc                                    0x0800305d   Thumb Code    32  uart.o(i.fputc)
    main                                     0x080030ad   Thumb Code   316  main.o(i.main)
    peak_peak_filter                         0x08003221   Thumb Code    42  main.o(i.peak_peak_filter)
    Region$$Table$$Base                      0x08003250   Number         0  anon$$obj.o(Region$$Table)
    Region$$Table$$Limit                     0x08003270   Number         0  anon$$obj.o(Region$$Table)
    SystemCoreClock                          0x20000000   Data           4  system_stm32f10x.o(.data)
    AHBPrescTable                            0x20000004   Data          16  system_stm32f10x.o(.data)
    average_value                            0x20000014   Data           4  main.o(.data)
    Vpp_Value                                0x20000018   Data           4  main.o(.data)
    Order_Flag                               0x2000001c   Data           1  main.o(.data)
    ppm_value_count                          0x2000001e   Data           2  main.o(.data)
    Average_Flag                             0x20000020   Data           1  main.o(.data)
    Motor_count                              0x20000024   Data           4  main.o(.data)
    Top_Flag                                 0x20000048   Data           1  freq.o(.data)
    Valley_Flag                              0x20000049   Data           1  freq.o(.data)
    Data_flag                                0x2000004a   Data           1  uart.o(.data)
    ReceiveBuff                              0x2000004b   Data           5  uart.o(.data)
    temperatureC                             0x20000050   Data           4  sht20.o(.data)
    humidityRH                               0x20000054   Data           4  sht20.o(.data)
    sndata1                                  0x20000058   Data           8  sht20.o(.data)
    sndata2                                  0x20000060   Data           6  sht20.o(.data)
    SN1                                      0x20000068   Data           4  sht20.o(.data)
    SN2                                      0x2000006c   Data           4  sht20.o(.data)
    ADC_GetValue                             0x20000070   Data           4  adc.o(.data)
    __stdout                                 0x20000088   Data           4  stdout.o(.data)
    Concentration_value                      0x2000008c   Data          10  main.o(.bss)
    average_ACT_value                        0x20000096   Data         480  main.o(.bss)
    average_REF_value                        0x20000276   Data         480  main.o(.bss)
    average_Ppm_Value                        0x20000458   Data          80  main.o(.bss)
    __initial_sp                             0x200008a8   Data           0  startup_stm32f10x_ld.o(STACK)



==============================================================================

Memory Map of the image

  Image Entry point : 0x080000ed

  Load Region LR_IROM1 (Base: 0x08000000, Size: 0x000032fc, Max: 0x00010000, ABSOLUTE)

    Execution Region ER_IROM1 (Exec base: 0x08000000, Load base: 0x08000000, Size: 0x00003270, Max: 0x00010000, ABSOLUTE)

    Exec Addr    Load Addr    Size         Type   Attr      Idx    E Section Name        Object

    0x08000000   0x08000000   0x000000ec   Data   RO            3    RESET               startup_stm32f10x_ld.o
    0x080000ec   0x080000ec   0x00000000   Code   RO         3618  * .ARM.Collect$$$$00000000  mc_w.l(entry.o)
    0x080000ec   0x080000ec   0x00000004   Code   RO         3906    .ARM.Collect$$$$00000001  mc_w.l(entry2.o)
    0x080000f0   0x080000f0   0x00000004   Code   RO         3909    .ARM.Collect$$$$00000004  mc_w.l(entry5.o)
    0x080000f4   0x080000f4   0x00000000   Code   RO         3911    .ARM.Collect$$$$00000008  mc_w.l(entry7b.o)
    0x080000f4   0x080000f4   0x00000000   Code   RO         3913    .ARM.Collect$$$$0000000A  mc_w.l(entry8b.o)
    0x080000f4   0x080000f4   0x00000008   Code   RO         3914    .ARM.Collect$$$$0000000B  mc_w.l(entry9a.o)
    0x080000fc   0x080000fc   0x00000004   Code   RO         3921    .ARM.Collect$$$$0000000E  mc_w.l(entry12b.o)
    0x08000100   0x08000100   0x00000000   Code   RO         3916    .ARM.Collect$$$$0000000F  mc_w.l(entry10a.o)
    0x08000100   0x08000100   0x00000000   Code   RO         3918    .ARM.Collect$$$$00000011  mc_w.l(entry11a.o)
    0x08000100   0x08000100   0x00000004   Code   RO         3907    .ARM.Collect$$$$00002712  mc_w.l(entry2.o)
    0x08000104   0x08000104   0x00000024   Code   RO            4    .text               startup_stm32f10x_ld.o
    0x08000128   0x08000128   0x000000b0   Code   RO         3882    .text               mf_w.l(fadd.o)
    0x080001d8   0x080001d8   0x00000064   Code   RO         3884    .text               mf_w.l(fmul.o)
    0x0800023c   0x0800023c   0x0000007c   Code   RO         3886    .text               mf_w.l(fdiv.o)
    0x080002b8   0x080002b8   0x0000014e   Code   RO         3888    .text               mf_w.l(dadd.o)
    0x08000406   0x08000406   0x000000e4   Code   RO         3890    .text               mf_w.l(dmul.o)
    0x080004ea   0x080004ea   0x00000012   Code   RO         3892    .text               mf_w.l(fflti.o)
    0x080004fc   0x080004fc   0x0000000a   Code   RO         3894    .text               mf_w.l(ffltui.o)
    0x08000506   0x08000506   0x00000028   Code   RO         3896    .text               mf_w.l(ffixui.o)
    0x0800052e   0x0800052e   0x00000026   Code   RO         3898    .text               mf_w.l(f2d.o)
    0x08000554   0x08000554   0x00000038   Code   RO         3900    .text               mf_w.l(d2f.o)
    0x0800058c   0x0800058c   0x00000014   Code   RO         3902    .text               mf_w.l(cfcmple.o)
    0x080005a0   0x080005a0   0x0000002c   Code   RO         3923    .text               mc_w.l(uidiv.o)
    0x080005cc   0x080005cc   0x00000062   Code   RO         3925    .text               mc_w.l(uldiv.o)
    0x0800062e   0x0800062e   0x0000001e   Code   RO         3927    .text               mc_w.l(llshl.o)
    0x0800064c   0x0800064c   0x00000024   Code   RO         3929    .text               mc_w.l(llsshr.o)
    0x08000670   0x08000670   0x00000000   Code   RO         3931    .text               mc_w.l(iusefp.o)
    0x08000670   0x08000670   0x0000006e   Code   RO         3932    .text               mf_w.l(fepilogue.o)
    0x080006de   0x080006de   0x000000ba   Code   RO         3934    .text               mf_w.l(depilogue.o)
    0x08000798   0x08000798   0x000000de   Code   RO         3936    .text               mf_w.l(ddiv.o)
    0x08000876   0x08000876   0x00000030   Code   RO         3938    .text               mf_w.l(dfixul.o)
    0x080008a6   0x080008a6   0x00000002   PAD
    0x080008a8   0x080008a8   0x00000030   Code   RO         3940    .text               mf_w.l(cdrcmple.o)
    0x080008d8   0x080008d8   0x00000024   Code   RO         3942    .text               mc_w.l(init.o)
    0x080008fc   0x080008fc   0x00000020   Code   RO         3944    .text               mc_w.l(llushr.o)
    0x0800091c   0x0800091c   0x00000016   Code   RO          657    i.ADC_Cmd           stm32f10x_adc.o
    0x08000932   0x08000932   0x00000016   Code   RO          658    i.ADC_DMACmd        stm32f10x_adc.o
    0x08000948   0x08000948   0x00000014   Code   RO          665    i.ADC_GetCalibrationStatus  stm32f10x_adc.o
    0x0800095c   0x0800095c   0x00000014   Code   RO          671    i.ADC_GetResetCalibrationStatus  stm32f10x_adc.o
    0x08000970   0x08000970   0x00000050   Code   RO          675    i.ADC_Init          stm32f10x_adc.o
    0x080009c0   0x080009c0   0x000000b8   Code   RO          679    i.ADC_RegularChannelConfig  stm32f10x_adc.o
    0x08000a78   0x08000a78   0x0000000a   Code   RO          680    i.ADC_ResetCalibration  stm32f10x_adc.o
    0x08000a82   0x08000a82   0x00000016   Code   RO          682    i.ADC_SoftwareStartConvCmd  stm32f10x_adc.o
    0x08000a98   0x08000a98   0x0000000a   Code   RO          684    i.ADC_StartCalibration  stm32f10x_adc.o
    0x08000aa2   0x08000aa2   0x00000002   PAD
    0x08000aa4   0x08000aa4   0x00000024   Code   RO          590    i.ADCx_GPIO_Config  adc.o
    0x08000ac8   0x08000ac8   0x0000000c   Code   RO          591    i.ADCx_Init         adc.o
    0x08000ad4   0x08000ad4   0x000000fc   Code   RO          592    i.ADCx_Mode_Config  adc.o
    0x08000bd0   0x08000bd0   0x00000004   Code   RO          247    i.BusFault_Handler  stm32f10x_it.o
    0x08000bd4   0x08000bd4   0x00000044   Code   RO          137    i.COUNTER_1S        main.o
    0x08000c18   0x08000c18   0x00000018   Code   RO         1372    i.DMA_Cmd           stm32f10x_dma.o
    0x08000c30   0x08000c30   0x0000014c   Code   RO         1373    i.DMA_DeInit        stm32f10x_dma.o
    0x08000d7c   0x08000d7c   0x00000008   Code   RO         1374    i.DMA_GetCurrDataCounter  stm32f10x_dma.o
    0x08000d84   0x08000d84   0x0000003c   Code   RO         1378    i.DMA_Init          stm32f10x_dma.o
    0x08000dc0   0x08000dc0   0x00000004   Code   RO         1379    i.DMA_SetCurrDataCounter  stm32f10x_dma.o
    0x08000dc4   0x08000dc4   0x00000002   Code   RO          248    i.DebugMon_Handler  stm32f10x_it.o
    0x08000dc6   0x08000dc6   0x00000002   PAD
    0x08000dc8   0x08000dc8   0x0000001c   Code   RO         1513    i.FLASH_PrefetchBufferCmd  stm32f10x_flash.o
    0x08000de4   0x08000de4   0x00000018   Code   RO         1518    i.FLASH_SetLatency  stm32f10x_flash.o
    0x08000dfc   0x08000dfc   0x00000116   Code   RO         1796    i.GPIO_Init         stm32f10x_gpio.o
    0x08000f12   0x08000f12   0x00000012   Code   RO         1800    i.GPIO_ReadInputDataBit  stm32f10x_gpio.o
    0x08000f24   0x08000f24   0x00000004   Code   RO         1803    i.GPIO_ResetBits    stm32f10x_gpio.o
    0x08000f28   0x08000f28   0x00000004   Code   RO         1804    i.GPIO_SetBits      stm32f10x_gpio.o
    0x08000f2c   0x08000f2c   0x00000058   Code   RO          138    i.Get_Aver          main.o
    0x08000f84   0x08000f84   0x00000098   Code   RO          430    i.HSI_SetSysClock   clk.o
    0x0800101c   0x0800101c   0x00000004   Code   RO          249    i.HardFault_Handler  stm32f10x_it.o
    0x08001020   0x08001020   0x00000040   Code   RO          442    i.I2C_Ack           iic.o
    0x08001060   0x08001060   0x00000048   Code   RO          443    i.I2C_Configuration  iic.o
    0x080010a8   0x080010a8   0x00000040   Code   RO          444    i.I2C_NoAck         iic.o
    0x080010e8   0x080010e8   0x0000005c   Code   RO          445    i.I2C_ReceiveByte   iic.o
    0x08001144   0x08001144   0x00000064   Code   RO          446    i.I2C_SendByte      iic.o
    0x080011a8   0x080011a8   0x00000060   Code   RO          447    i.I2C_Start         iic.o
    0x08001208   0x08001208   0x00000040   Code   RO          448    i.I2C_Stop          iic.o
    0x08001248   0x08001248   0x00000058   Code   RO          449    i.I2C_WaitAck       iic.o
    0x080012a0   0x080012a0   0x0000000e   Code   RO          450    i.I2C_delay         iic.o
    0x080012ae   0x080012ae   0x00000004   Code   RO          250    i.MemManage_Handler  stm32f10x_it.o
    0x080012b2   0x080012b2   0x00000002   Code   RO          251    i.NMI_Handler       stm32f10x_it.o
    0x080012b4   0x080012b4   0x00000070   Code   RO          615    i.NVIC_Init         misc.o
    0x08001324   0x08001324   0x00000014   Code   RO          616    i.NVIC_PriorityGroupConfig  misc.o
    0x08001338   0x08001338   0x00000002   Code   RO          252    i.PendSV_Handler    stm32f10x_it.o
    0x0800133a   0x0800133a   0x00000002   PAD
    0x0800133c   0x0800133c   0x00000110   Code   RO          140    i.Ppm_Value         main.o
    0x0800144c   0x0800144c   0x0000009c   Code   RO          141    i.Ppm_Value_Average_Filter  main.o
    0x080014e8   0x080014e8   0x00000018   Code   RO         2210    i.RCC_ADCCLKConfig  stm32f10x_rcc.o
    0x08001500   0x08001500   0x00000020   Code   RO         2211    i.RCC_AHBPeriphClockCmd  stm32f10x_rcc.o
    0x08001520   0x08001520   0x00000020   Code   RO         2212    i.RCC_APB1PeriphClockCmd  stm32f10x_rcc.o
    0x08001540   0x08001540   0x00000020   Code   RO         2214    i.RCC_APB2PeriphClockCmd  stm32f10x_rcc.o
    0x08001560   0x08001560   0x00000050   Code   RO         2221    i.RCC_DeInit        stm32f10x_rcc.o
    0x080015b0   0x080015b0   0x000000d4   Code   RO         2222    i.RCC_GetClocksFreq  stm32f10x_rcc.o
    0x08001684   0x08001684   0x0000003c   Code   RO         2223    i.RCC_GetFlagStatus  stm32f10x_rcc.o
    0x080016c0   0x080016c0   0x00000010   Code   RO         2225    i.RCC_GetSYSCLKSource  stm32f10x_rcc.o
    0x080016d0   0x080016d0   0x00000018   Code   RO         2226    i.RCC_HCLKConfig    stm32f10x_rcc.o
    0x080016e8   0x080016e8   0x0000000c   Code   RO         2228    i.RCC_HSICmd        stm32f10x_rcc.o
    0x080016f4   0x080016f4   0x00000018   Code   RO         2233    i.RCC_PCLK1Config   stm32f10x_rcc.o
    0x0800170c   0x0800170c   0x00000018   Code   RO         2234    i.RCC_PCLK2Config   stm32f10x_rcc.o
    0x08001724   0x08001724   0x0000000c   Code   RO         2235    i.RCC_PLLCmd        stm32f10x_rcc.o
    0x08001730   0x08001730   0x0000001c   Code   RO         2236    i.RCC_PLLConfig     stm32f10x_rcc.o
    0x0800174c   0x0800174c   0x00000018   Code   RO         2240    i.RCC_SYSCLKConfig  stm32f10x_rcc.o
    0x08001764   0x08001764   0x00000144   Code   RO          504    i.SHT2X_Init        sht20.o
    0x080018a8   0x080018a8   0x0000005c   Code   RO          505    i.SHT2X_TEST        sht20.o
    0x08001904   0x08001904   0x000000f4   Code   RO          506    i.SHT2x_Calc_RH     sht20.o
    0x080019f8   0x080019f8   0x000000fc   Code   RO          507    i.SHT2x_Calc_T      sht20.o
    0x08001af4   0x08001af4   0x0000004a   Code   RO          508    i.SHT2x_CheckCrc    sht20.o
    0x08001b3e   0x08001b3e   0x000000f6   Code   RO          509    i.SHT2x_GetSerialNumber  sht20.o
    0x08001c34   0x08001c34   0x00000002   Code   RO          253    i.SVC_Handler       stm32f10x_it.o
    0x08001c36   0x08001c36   0x00000008   Code   RO           24    i.SetSysClock       system_stm32f10x.o
    0x08001c3e   0x08001c3e   0x00000002   PAD
    0x08001c40   0x08001c40   0x000000b8   Code   RO           25    i.SetSysClockTo24   system_stm32f10x.o
    0x08001cf8   0x08001cf8   0x00000018   Code   RO          142    i.Smooth_filter     main.o
    0x08001d10   0x08001d10   0x00000028   Code   RO          619    i.SysTick_CLKSourceConfig  misc.o
    0x08001d38   0x08001d38   0x00000002   Code   RO          254    i.SysTick_Handler   stm32f10x_it.o
    0x08001d3a   0x08001d3a   0x00000002   PAD
    0x08001d3c   0x08001d3c   0x00000064   Code   RO           27    i.SystemInit        system_stm32f10x.o
    0x08001da0   0x08001da0   0x00000080   Code   RO          310    i.TIM2_IRQHandler   freq.o
    0x08001e20   0x08001e20   0x00000006   Code   RO         2847    i.TIM_ClearITPendingBit  stm32f10x_tim.o
    0x08001e26   0x08001e26   0x00000018   Code   RO         2852    i.TIM_Cmd           stm32f10x_tim.o
    0x08001e3e   0x08001e3e   0x00000022   Code   RO         2873    i.TIM_GetITStatus   stm32f10x_tim.o
    0x08001e60   0x08001e60   0x00000012   Code   RO         2877    i.TIM_ITConfig      stm32f10x_tim.o
    0x08001e72   0x08001e72   0x00000002   PAD
    0x08001e74   0x08001e74   0x00000098   Code   RO         2881    i.TIM_OC1Init       stm32f10x_tim.o
    0x08001f0c   0x08001f0c   0x00000012   Code   RO         2884    i.TIM_OC1PreloadConfig  stm32f10x_tim.o
    0x08001f1e   0x08001f1e   0x00000002   PAD
    0x08001f20   0x08001f20   0x000000a4   Code   RO         2886    i.TIM_OC2Init       stm32f10x_tim.o
    0x08001fc4   0x08001fc4   0x0000001a   Code   RO         2889    i.TIM_OC2PreloadConfig  stm32f10x_tim.o
    0x08001fde   0x08001fde   0x00000002   PAD
    0x08001fe0   0x08001fe0   0x000000a0   Code   RO         2891    i.TIM_OC3Init       stm32f10x_tim.o
    0x08002080   0x08002080   0x00000012   Code   RO         2894    i.TIM_OC3PreloadConfig  stm32f10x_tim.o
    0x08002092   0x08002092   0x00000002   PAD
    0x08002094   0x08002094   0x0000007c   Code   RO         2896    i.TIM_OC4Init       stm32f10x_tim.o
    0x08002110   0x08002110   0x0000001a   Code   RO         2898    i.TIM_OC4PreloadConfig  stm32f10x_tim.o
    0x0800212a   0x0800212a   0x00000002   PAD
    0x0800212c   0x0800212c   0x000000a4   Code   RO         2923    i.TIM_TimeBaseInit  stm32f10x_tim.o
    0x080021d0   0x080021d0   0x0000002a   Code   RO          358    i.UART_NVIC_Config  uart.o
    0x080021fa   0x080021fa   0x00000002   PAD
    0x080021fc   0x080021fc   0x00000058   Code   RO          359    i.USART1_IRQHandler  uart.o
    0x08002254   0x08002254   0x00000012   Code   RO         3384    i.USART_ClearFlag   stm32f10x_usart.o
    0x08002266   0x08002266   0x00000018   Code   RO         3388    i.USART_Cmd         stm32f10x_usart.o
    0x0800227e   0x0800227e   0x00000002   PAD
    0x08002280   0x08002280   0x000000a0   Code   RO          360    i.USART_Config      uart.o
    0x08002320   0x08002320   0x00000012   Code   RO         3389    i.USART_DMACmd      stm32f10x_usart.o
    0x08002332   0x08002332   0x0000001a   Code   RO         3391    i.USART_GetFlagStatus  stm32f10x_usart.o
    0x0800234c   0x0800234c   0x00000054   Code   RO         3392    i.USART_GetITStatus  stm32f10x_usart.o
    0x080023a0   0x080023a0   0x0000004a   Code   RO         3394    i.USART_ITConfig    stm32f10x_usart.o
    0x080023ea   0x080023ea   0x00000002   PAD
    0x080023ec   0x080023ec   0x000000d8   Code   RO         3395    i.USART_Init        stm32f10x_usart.o
    0x080024c4   0x080024c4   0x0000000a   Code   RO         3402    i.USART_ReceiveData  stm32f10x_usart.o
    0x080024ce   0x080024ce   0x00000008   Code   RO         3405    i.USART_SendData    stm32f10x_usart.o
    0x080024d6   0x080024d6   0x00000002   PAD
    0x080024d8   0x080024d8   0x00000058   Code   RO          361    i.USARTx_DMA_Config  uart.o
    0x08002530   0x08002530   0x00000004   Code   RO          255    i.UsageFault_Handler  stm32f10x_it.o
    0x08002534   0x08002534   0x00000030   Code   RO          362    i.Usart_SendArray   uart.o
    0x08002564   0x08002564   0x0000001e   Code   RO          363    i.Usart_SendByte    uart.o
    0x08002582   0x08002582   0x00000002   PAD
    0x08002584   0x08002584   0x00000020   Code   RO         3854    i.__0printf         mc_w.l(printfa.o)
    0x080025a4   0x080025a4   0x0000000e   Code   RO         3948    i.__scatterload_copy  mc_w.l(handlers.o)
    0x080025b2   0x080025b2   0x00000002   Code   RO         3949    i.__scatterload_null  mc_w.l(handlers.o)
    0x080025b4   0x080025b4   0x0000000e   Code   RO         3950    i.__scatterload_zeroinit  mc_w.l(handlers.o)
    0x080025c2   0x080025c2   0x00000002   PAD
    0x080025c4   0x080025c4   0x00000184   Code   RO         3861    i._fp_digits        mc_w.l(printfa.o)
    0x08002748   0x08002748   0x000006b4   Code   RO         3862    i._printf_core      mc_w.l(printfa.o)
    0x08002dfc   0x08002dfc   0x00000024   Code   RO         3863    i._printf_post_padding  mc_w.l(printfa.o)
    0x08002e20   0x08002e20   0x0000002e   Code   RO         3864    i._printf_pre_padding  mc_w.l(printfa.o)
    0x08002e4e   0x08002e4e   0x000000c8   Code   RO          311    i.adc_Pwm_Config    freq.o
    0x08002f16   0x08002f16   0x00000002   PAD
    0x08002f18   0x08002f18   0x00000074   Code   RO          312    i.ctrl_MODE_Config  freq.o
    0x08002f8c   0x08002f8c   0x0000002c   Code   RO          313    i.ctrl_freq_GPIO_Config  freq.o
    0x08002fb8   0x08002fb8   0x0000000c   Code   RO          314    i.ctrl_freq_init    freq.o
    0x08002fc4   0x08002fc4   0x0000000c   Code   RO          315    i.ctrl_pwm_init     freq.o
    0x08002fd0   0x08002fd0   0x00000024   Code   RO          143    i.delay_init        main.o
    0x08002ff4   0x08002ff4   0x0000004c   Code   RO          144    i.delay_us          main.o
    0x08003040   0x08003040   0x0000001a   Code   RO          514    i.delay_us          sht20.o
    0x0800305a   0x0800305a   0x00000002   PAD
    0x0800305c   0x0800305c   0x00000024   Code   RO          367    i.fputc             uart.o
    0x08003080   0x08003080   0x0000002a   Code   RO          316    i.freq_NVIC_Config  freq.o
    0x080030aa   0x080030aa   0x00000002   PAD
    0x080030ac   0x080030ac   0x00000174   Code   RO          146    i.main              main.o
    0x08003220   0x08003220   0x00000030   Code   RO          147    i.peak_peak_filter  main.o
    0x08003250   0x08003250   0x00000020   Data   RO         3946    Region$$Table       anon$$obj.o


    Execution Region RW_IRAM1 (Exec base: 0x20000000, Load base: 0x08003270, Size: 0x000008a8, Max: 0x00002000, ABSOLUTE)

    Exec Addr    Load Addr    Size         Type   Attr      Idx    E Section Name        Object

    0x20000000   0x08003270   0x00000014   Data   RW           28    .data               system_stm32f10x.o
    0x20000014   0x08003284   0x00000034   Data   RW          149    .data               main.o
    0x20000048   0x080032b8   0x00000002   Data   RW          317    .data               freq.o
    0x2000004a   0x080032ba   0x00000006   Data   RW          368    .data               uart.o
    0x20000050   0x080032c0   0x00000020   Data   RW          515    .data               sht20.o
    0x20000070   0x080032e0   0x00000004   Data   RW          593    .data               adc.o
    0x20000074   0x080032e4   0x00000014   Data   RW         2243    .data               stm32f10x_rcc.o
    0x20000088   0x080032f8   0x00000004   Data   RW         3922    .data               mc_w.l(stdout.o)
    0x2000008c        -       0x0000041c   Zero   RW          148    .bss                main.o
    0x200004a8        -       0x00000400   Zero   RW            1    STACK               startup_stm32f10x_ld.o


==============================================================================

Image component sizes


      Code (inc. data)   RO Data    RW Data    ZI Data      Debug   Object Name

       300         18          0          4          0       1891   adc.o
       152         34          0          0          0        874   clk.o
         0          0          0          0          0       4508   core_cm3.o
       554         18          0          2          0       3510   freq.o
       654         36          0          0          0       4192   iic.o
      1140        186          0         52       1052       8423   main.o
       172         22          0          0          0       1841   misc.o
      1258        144          0         32          0       5220   sht20.o
        36          8        236          0       1024        796   startup_stm32f10x_ld.o
       390         10          0          0          0       6873   stm32f10x_adc.o
       428          8          0          0          0       4220   stm32f10x_dma.o
        52         12          0          0          0        993   stm32f10x_flash.o
       304          0          0          0          0       3392   stm32f10x_gpio.o
        26          0          0          0          0       3542   stm32f10x_it.o
       636        106          0         20          0      10186   stm32f10x_rcc.o
       934         92          0          0          0       8030   stm32f10x_tim.o
       478          6          0          0          0       6794   stm32f10x_usart.o
       292         24          0         20          0     270321   system_stm32f10x.o
       492         40          0          6          0       4150   uart.o

    ----------------------------------------------------------------------
      8334        764        268        136       2076     349756   Object Totals
         0          0         32          0          0          0   (incl. Generated)
        36          0          0          0          0          0   (incl. Padding)

    ----------------------------------------------------------------------

      Code (inc. data)   RO Data    RW Data    ZI Data      Debug   Library Member Name

         0          0          0          0          0          0   entry.o
         0          0          0          0          0          0   entry10a.o
         0          0          0          0          0          0   entry11a.o
         4          0          0          0          0          0   entry12b.o
         8          4          0          0          0          0   entry2.o
         4          0          0          0          0          0   entry5.o
         0          0          0          0          0          0   entry7b.o
         0          0          0          0          0          0   entry8b.o
         8          4          0          0          0          0   entry9a.o
        30          0          0          0          0          0   handlers.o
        36          8          0          0          0         68   init.o
         0          0          0          0          0          0   iusefp.o
        30          0          0          0          0         68   llshl.o
        36          0          0          0          0         68   llsshr.o
        32          0          0          0          0         68   llushr.o
      2218         90          0          0          0        464   printfa.o
         0          0          0          4          0          0   stdout.o
        44          0          0          0          0         80   uidiv.o
        98          0          0          0          0         92   uldiv.o
        48          0          0          0          0         68   cdrcmple.o
        20          0          0          0          0         68   cfcmple.o
        56          0          0          0          0         88   d2f.o
       334          0          0          0          0        148   dadd.o
       222          0          0          0          0        100   ddiv.o
       186          0          0          0          0        176   depilogue.o
        48          0          0          0          0         68   dfixul.o
       228          0          0          0          0         96   dmul.o
        38          0          0          0          0         68   f2d.o
       176          0          0          0          0        140   fadd.o
       124          0          0          0          0         88   fdiv.o
       110          0          0          0          0        168   fepilogue.o
        40          0          0          0          0         68   ffixui.o
        18          0          0          0          0         68   fflti.o
        10          0          0          0          0         68   ffltui.o
       100          0          0          0          0         76   fmul.o

    ----------------------------------------------------------------------
      4310        106          0          4          0       2464   Library Totals
         4          0          0          0          0          0   (incl. Padding)

    ----------------------------------------------------------------------

      Code (inc. data)   RO Data    RW Data    ZI Data      Debug   Library Name

      2548        106          0          4          0        908   mc_w.l
      1758          0          0          0          0       1556   mf_w.l

    ----------------------------------------------------------------------
      4310        106          0          4          0       2464   Library Totals

    ----------------------------------------------------------------------

==============================================================================


      Code (inc. data)   RO Data    RW Data    ZI Data      Debug   

     12644        870        268        140       2076     345352   Grand Totals
     12644        870        268        140       2076     345352   ELF Image Totals
     12644        870        268        140          0          0   ROM Totals

==============================================================================

    Total RO  Size (Code + RO Data)                12912 (  12.61kB)
    Total RW  Size (RW Data + ZI Data)              2216 (   2.16kB)
    Total ROM Size (Code + RO Data + RW Data)      13052 (  12.75kB)

==============================================================================

